Archive member included to satisfy reference by file (symbol)

/usr/bin/../lib/gcc/arm-none-eabi/7.3.1/../../../../arm-none-eabi/lib/thumb/v6-m/libc_nano.a(lib_a-exit.o)
                              /usr/bin/../lib/gcc/arm-none-eabi/7.3.1/../../../../arm-none-eabi/lib/thumb/v6-m/crt0.o (exit)
/usr/bin/../lib/gcc/arm-none-eabi/7.3.1/../../../../arm-none-eabi/lib/thumb/v6-m/libc_nano.a(lib_a-impure.o)
                              /usr/bin/../lib/gcc/arm-none-eabi/7.3.1/../../../../arm-none-eabi/lib/thumb/v6-m/libc_nano.a(lib_a-exit.o) (_global_impure_ptr)
/usr/bin/../lib/gcc/arm-none-eabi/7.3.1/../../../../arm-none-eabi/lib/thumb/v6-m/libc_nano.a(lib_a-init.o)
                              /usr/bin/../lib/gcc/arm-none-eabi/7.3.1/../../../../arm-none-eabi/lib/thumb/v6-m/crt0.o (__libc_init_array)
/usr/bin/../lib/gcc/arm-none-eabi/7.3.1/../../../../arm-none-eabi/lib/thumb/v6-m/libc_nano.a(lib_a-memset.o)
                              /usr/bin/../lib/gcc/arm-none-eabi/7.3.1/../../../../arm-none-eabi/lib/thumb/v6-m/crt0.o (memset)
/usr/bin/../lib/gcc/arm-none-eabi/7.3.1/../../../../arm-none-eabi/lib/thumb/v6-m/libnosys.a(_exit.o)
                              /usr/bin/../lib/gcc/arm-none-eabi/7.3.1/../../../../arm-none-eabi/lib/thumb/v6-m/libc_nano.a(lib_a-exit.o) (_exit)
/usr/bin/../lib/gcc/arm-none-eabi/7.3.1/../../../../arm-none-eabi/lib/thumb/v6-m/libc_nano.a(lib_a-locale.o)
                              _build/rfidr_txradio.o (__locale_ctype_ptr)
/usr/bin/../lib/gcc/arm-none-eabi/7.3.1/../../../../arm-none-eabi/lib/thumb/v6-m/libc_nano.a(lib_a-mbtowc_r.o)
                              /usr/bin/../lib/gcc/arm-none-eabi/7.3.1/../../../../arm-none-eabi/lib/thumb/v6-m/libc_nano.a(lib_a-locale.o) (__ascii_mbtowc)
/usr/bin/../lib/gcc/arm-none-eabi/7.3.1/../../../../arm-none-eabi/lib/thumb/v6-m/libc_nano.a(lib_a-memcmp.o)
                              _build/rfidr_rxradio.o (memcmp)
/usr/bin/../lib/gcc/arm-none-eabi/7.3.1/../../../../arm-none-eabi/lib/thumb/v6-m/libc_nano.a(lib_a-memcpy-stub.o)
                              _build/pstorage.o (memcpy)
/usr/bin/../lib/gcc/arm-none-eabi/7.3.1/../../../../arm-none-eabi/lib/thumb/v6-m/libc_nano.a(lib_a-sprintf.o)
                              _build/rfidr_error.o (sprintf)
/usr/bin/../lib/gcc/arm-none-eabi/7.3.1/../../../../arm-none-eabi/lib/thumb/v6-m/libc_nano.a(lib_a-strcmp.o)
                              /usr/bin/../lib/gcc/arm-none-eabi/7.3.1/../../../../arm-none-eabi/lib/thumb/v6-m/libc_nano.a(lib_a-locale.o) (strcmp)
/usr/bin/../lib/gcc/arm-none-eabi/7.3.1/../../../../arm-none-eabi/lib/thumb/v6-m/libc_nano.a(lib_a-strlen.o)
                              _build/main.o (strlen)
/usr/bin/../lib/gcc/arm-none-eabi/7.3.1/../../../../arm-none-eabi/lib/thumb/v6-m/libc_nano.a(lib_a-strncpy.o)
                              _build/rfidr_error.o (strncpy)
/usr/bin/../lib/gcc/arm-none-eabi/7.3.1/../../../../arm-none-eabi/lib/thumb/v6-m/libc_nano.a(lib_a-wctomb_r.o)
                              /usr/bin/../lib/gcc/arm-none-eabi/7.3.1/../../../../arm-none-eabi/lib/thumb/v6-m/libc_nano.a(lib_a-locale.o) (__ascii_wctomb)
/usr/bin/../lib/gcc/arm-none-eabi/7.3.1/../../../../arm-none-eabi/lib/thumb/v6-m/libc_nano.a(lib_a-ctype_.o)
                              /usr/bin/../lib/gcc/arm-none-eabi/7.3.1/../../../../arm-none-eabi/lib/thumb/v6-m/libc_nano.a(lib_a-locale.o) (_ctype_)
/usr/bin/../lib/gcc/arm-none-eabi/7.3.1/../../../../arm-none-eabi/lib/thumb/v6-m/libc_nano.a(lib_a-nano-svfprintf.o)
                              /usr/bin/../lib/gcc/arm-none-eabi/7.3.1/../../../../arm-none-eabi/lib/thumb/v6-m/libc_nano.a(lib_a-sprintf.o) (_svfprintf_r)
/usr/bin/../lib/gcc/arm-none-eabi/7.3.1/../../../../arm-none-eabi/lib/thumb/v6-m/libc_nano.a(lib_a-nano-vfprintf_i.o)
                              /usr/bin/../lib/gcc/arm-none-eabi/7.3.1/../../../../arm-none-eabi/lib/thumb/v6-m/libc_nano.a(lib_a-nano-svfprintf.o) (_printf_i)
/usr/bin/../lib/gcc/arm-none-eabi/7.3.1/../../../../arm-none-eabi/lib/thumb/v6-m/libc_nano.a(lib_a-memchr-stub.o)
                              /usr/bin/../lib/gcc/arm-none-eabi/7.3.1/../../../../arm-none-eabi/lib/thumb/v6-m/libc_nano.a(lib_a-nano-svfprintf.o) (memchr)
/usr/bin/../lib/gcc/arm-none-eabi/7.3.1/../../../../arm-none-eabi/lib/thumb/v6-m/libc_nano.a(lib_a-memmove.o)
                              /usr/bin/../lib/gcc/arm-none-eabi/7.3.1/../../../../arm-none-eabi/lib/thumb/v6-m/libc_nano.a(lib_a-nano-svfprintf.o) (memmove)
/usr/bin/../lib/gcc/arm-none-eabi/7.3.1/../../../../arm-none-eabi/lib/thumb/v6-m/libc_nano.a(lib_a-nano-freer.o)
                              /usr/bin/../lib/gcc/arm-none-eabi/7.3.1/../../../../arm-none-eabi/lib/thumb/v6-m/libc_nano.a(lib_a-nano-svfprintf.o) (_free_r)
/usr/bin/../lib/gcc/arm-none-eabi/7.3.1/../../../../arm-none-eabi/lib/thumb/v6-m/libc_nano.a(lib_a-nano-mallocr.o)
                              /usr/bin/../lib/gcc/arm-none-eabi/7.3.1/../../../../arm-none-eabi/lib/thumb/v6-m/libc_nano.a(lib_a-nano-svfprintf.o) (_malloc_r)
[...]
Memory Configuration

Name             Origin             Length             Attributes
FLASH            0x0000000000018000 0x0000000000028000 xr
RAM              0x0000000020002000 0x0000000000002000 xrw
*default*        0x0000000000000000 0xffffffffffffffff

Linker script and memory map

LOAD /usr/bin/../lib/gcc/arm-none-eabi/7.3.1/thumb/v6-m/crti.o
LOAD /usr/bin/../lib/gcc/arm-none-eabi/7.3.1/thumb/v6-m/crtbegin.o
LOAD /usr/bin/../lib/gcc/arm-none-eabi/7.3.1/../../../../arm-none-eabi/lib/thumb/v6-m/crt0.o
LOAD /usr/bin/../lib/gcc/arm-none-eabi/7.3.1/../../../../arm-none-eabi/lib/thumb/v6-m/libc_nano.a
LOAD /usr/bin/../lib/gcc/arm-none-eabi/7.3.1/../../../../arm-none-eabi/lib/thumb/v6-m/libnosys.a
LOAD /usr/bin/../lib/gcc/arm-none-eabi/7.3.1/../../../../arm-none-eabi/lib/thumb/v6-m/libm.a
LOAD _build/app_button.o
LOAD _build/app_error.o
LOAD _build/app_util_platform.o
LOAD _build/app_fifo.o
LOAD _build/app_timer.o
LOAD _build/app_trace.o
LOAD _build/nrf_assert.o
LOAD _build/nrf_delay.o
LOAD _build/nrf_drv_common.o
LOAD _build/nrf_drv_gpiote.o
LOAD _build/pstorage.o
LOAD _build/spi_cntrlr_fast.o
LOAD _build/main.o
LOAD _build/ble_rfidrs.o
LOAD _build/rfidr_error.o
LOAD _build/rfidr_gpio.o
LOAD _build/rfidr_rxradio.o
LOAD _build/rfidr_spi.o
LOAD _build/rfidr_state.o
LOAD _build/rfidr_sx1257.o
LOAD _build/rfidr_txradio.o
LOAD _build/rfidr_user.o
LOAD _build/rfidr_waveform.o
LOAD _build/ble_advdata.o
LOAD _build/ble_advertising.o
LOAD _build/ble_conn_params.o
LOAD _build/ble_nus.o
LOAD _build/ble_srv_common.o
LOAD _build/system_nrf51.o
LOAD _build/nrf_adc.o
LOAD _build/softdevice_handler.o
LOAD _build/gcc_startup_nrf51.o
LOAD /usr/bin/../lib/gcc/arm-none-eabi/7.3.1/../../../../arm-none-eabi/lib/thumb/v6-m/libc_nano.a
LOAD /usr/bin/../lib/gcc/arm-none-eabi/7.3.1/../../../../arm-none-eabi/lib/thumb/v6-m/libnosys.a
LOAD /usr/bin/../lib/gcc/arm-none-eabi/7.3.1/../../../../arm-none-eabi/lib/thumb/v6-m/libm.a
START GROUP
LOAD /usr/bin/../lib/gcc/arm-none-eabi/7.3.1/thumb/v6-m/libgcc.a
LOAD /usr/bin/../lib/gcc/arm-none-eabi/7.3.1/../../../../arm-none-eabi/lib/thumb/v6-m/libc_nano.a
END GROUP
START GROUP
LOAD /usr/bin/../lib/gcc/arm-none-eabi/7.3.1/thumb/v6-m/libgcc.a
LOAD /usr/bin/../lib/gcc/arm-none-eabi/7.3.1/../../../../arm-none-eabi/lib/thumb/v6-m/libc_nano.a
END GROUP
LOAD /usr/bin/../lib/gcc/arm-none-eabi/7.3.1/thumb/v6-m/crtend.o
LOAD /usr/bin/../lib/gcc/arm-none-eabi/7.3.1/thumb/v6-m/crtn.o
START GROUP
LOAD /usr/bin/../lib/gcc/arm-none-eabi/7.3.1/thumb/v6-m/libgcc.a
LOAD /usr/bin/../lib/gcc/arm-none-eabi/7.3.1/../../../../arm-none-eabi/lib/thumb/v6-m/libc.a
LOAD /usr/bin/../lib/gcc/arm-none-eabi/7.3.1/../../../../arm-none-eabi/lib/thumb/v6-m/libnosys.a
END GROUP

.fs_data_out    0x0000000000000000        0x0
                [!provide]                        PROVIDE (__start_fs_data = .)
 *(fs_data)
                [!provide]                        PROVIDE (__stop_fs_data = .)

.text           0x0000000000018000    0x111f0
 *(.Vectors)
 .Vectors       0x0000000000018000       0xc0 _build/gcc_startup_nrf51.o
                0x0000000000018000                __Vectors
 *(.text*)
 .text          0x00000000000180c0       0x48 /usr/bin/../lib/gcc/arm-none-eabi/7.3.1/thumb/v6-m/crtbegin.o
 .text          0x0000000000018108       0x78 /usr/bin/../lib/gcc/arm-none-eabi/7.3.1/../../../../arm-none-eabi/lib/thumb/v6-m/crt0.o
                0x0000000000018108                _mainCRTStartup
                0x0000000000018108                _start
 .text.exit     0x0000000000018180       0x2c /usr/bin/../lib/gcc/arm-none-eabi/7.3.1/../../../../arm-none-eabi/lib/thumb/v6-m/libc_nano.a(lib_a-exit.o)
                0x0000000000018180                exit
 .text.__libc_init_array
                0x00000000000181ac       0x48 /usr/bin/../lib/gcc/arm-none-eabi/7.3.1/../../../../arm-none-eabi/lib/thumb/v6-m/libc_nano.a(lib_a-init.o)
                0x00000000000181ac                __libc_init_array
 .text.memset   0x00000000000181f4       0x10 /usr/bin/../lib/gcc/arm-none-eabi/7.3.1/../../../../arm-none-eabi/lib/thumb/v6-m/libc_nano.a(lib_a-memset.o)
                0x00000000000181f4                memset
 .text._exit    0x0000000000018204        0x4 /usr/bin/../lib/gcc/arm-none-eabi/7.3.1/../../../../arm-none-eabi/lib/thumb/v6-m/libnosys.a(_exit.o)
                0x0000000000018204                _exit
 .text.is_word_aligned
                0x0000000000018208       0x1c _build/app_timer.o
 .text.NVIC_EnableIRQ
                0x0000000000018224       0x2c _build/app_timer.o
 .text.NVIC_DisableIRQ
                0x0000000000018250       0x30 _build/app_timer.o
 .text.NVIC_SetPendingIRQ
                0x0000000000018280       0x34 _build/app_timer.o
 .text.NVIC_ClearPendingIRQ
                0x00000000000182b4       0x34 _build/app_timer.o
 .text.NVIC_SetPriority
                0x00000000000182e8       0xdc _build/app_timer.o
 .text.NVIC_GetPriority
                0x00000000000183c4       0x7c _build/app_timer.o
 .text.current_int_priority_get
                0x0000000000018440       0x3c _build/app_timer.o
 .text.rtc1_init
                0x000000000001847c       0x28 _build/app_timer.o
 .text.rtc1_start
                0x00000000000184a4       0x6c _build/app_timer.o
 .text.rtc1_stop
                0x0000000000018510       0x98 _build/app_timer.o
 .text.rtc1_counter_get
                0x00000000000185a8       0x18 _build/app_timer.o
 .text.ticks_diff_get
                0x00000000000185c0       0x1c _build/app_timer.o
 .text.rtc1_compare0_set
                0x00000000000185dc       0x20 _build/app_timer.o
 .text.timer_list_insert
                0x00000000000185fc       0xb0 _build/app_timer.o
 .text.timer_list_remove
                0x00000000000186ac       0xa4 _build/app_timer.o
 .text.timer_timeouts_check_sched
                0x0000000000018750       0x10 _build/app_timer.o
 .text.timer_list_handler_sched
                0x0000000000018760       0x10 _build/app_timer.o
 .text.timeout_handler_exec
                0x0000000000018770       0x54 _build/app_timer.o
 .text.timer_timeouts_check
                0x00000000000187c4       0xcc _build/app_timer.o
 .text.elapsed_ticks_acquire
                0x0000000000018890       0x7c _build/app_timer.o
 .text.list_deletions_handler
                0x000000000001890c       0xe4 _build/app_timer.o
 .text.expired_timers_handler
                0x00000000000189f0       0x98 _build/app_timer.o
 .text.list_insertions_handler
                0x0000000000018a88      0x194 _build/app_timer.o
 .text.compare_reg_update
                0x0000000000018c1c       0xe4 _build/app_timer.o
 .text.timer_list_handler
                0x0000000000018d00       0x90 _build/app_timer.o
 .text.user_op_enque
                0x0000000000018d90       0x1e _build/app_timer.o
 .text.user_op_alloc
                0x0000000000018dae       0x66 _build/app_timer.o
 .text.timer_start_op_schedule
                0x0000000000018e14       0x84 _build/app_timer.o
 .text.timer_stop_op_schedule
                0x0000000000018e98       0x64 _build/app_timer.o
 .text.RTC1_IRQHandler
                0x0000000000018efc       0x50 _build/app_timer.o
                0x0000000000018efc                RTC1_IRQHandler
 .text.SWI0_IRQHandler
                0x0000000000018f4c        0xe _build/app_timer.o
                0x0000000000018f4c                SWI0_IRQHandler
 *fill*         0x0000000000018f5a        0x2 
 .text.app_timer_init
                0x0000000000018f5c      0x108 _build/app_timer.o
                0x0000000000018f5c                app_timer_init
 .text.app_timer_create
                0x0000000000019064       0x6c _build/app_timer.o
                0x0000000000019064                app_timer_create
 .text.user_id_get
                0x00000000000190d0       0x32 _build/app_timer.o
 *fill*         0x0000000000019102        0x2 
 .text.app_timer_start
                0x0000000000019104       0x74 _build/app_timer.o
                0x0000000000019104                app_timer_start
 .text.app_timer_stop
                0x0000000000019178       0x50 _build/app_timer.o
                0x0000000000019178                app_timer_stop
 .text.nrf_delay_ms
                0x00000000000191c8       0x48 _build/nrf_delay.o
                0x00000000000191c8                nrf_delay_ms
 .text.NVIC_EnableIRQ
                0x0000000000019210       0x2c _build/nrf_drv_common.o
 .text.NVIC_ClearPendingIRQ
                0x000000000001923c       0x34 _build/nrf_drv_common.o
 .text.NVIC_SetPriority
                0x0000000000019270       0xdc _build/nrf_drv_common.o
 .text.nrf_drv_common_irq_enable
                0x000000000001934c       0x44 _build/nrf_drv_common.o
                0x000000000001934c                nrf_drv_common_irq_enable
 .text.nrf_gpiote_event_is_set
                0x0000000000019390       0x2a _build/nrf_drv_gpiote.o
 .text.nrf_gpiote_event_clear
                0x00000000000193ba       0x24 _build/nrf_drv_gpiote.o
 *fill*         0x00000000000193de        0x2 
 .text.nrf_gpiote_event_addr_get
                0x00000000000193e0       0x24 _build/nrf_drv_gpiote.o
 .text.nrf_gpiote_int_enable
                0x0000000000019404       0x20 _build/nrf_drv_gpiote.o
 .text.nrf_gpiote_int_is_enabled
                0x0000000000019424       0x20 _build/nrf_drv_gpiote.o
 .text.nrf_gpiote_event_enable
                0x0000000000019444       0x30 _build/nrf_drv_gpiote.o
 .text.nrf_gpiote_event_configure
                0x0000000000019474       0x70 _build/nrf_drv_gpiote.o
 .text.nrf_gpiote_event_pin_get
                0x00000000000194e4       0x28 _build/nrf_drv_gpiote.o
 .text.nrf_gpiote_event_polarity_get
                0x000000000001950c       0x28 _build/nrf_drv_gpiote.o
 .text.nrf_gpiote_task_configure
                0x0000000000019534       0x88 _build/nrf_drv_gpiote.o
 .text.nrf_gpio_cfg
                0x00000000000195bc       0x60 _build/nrf_drv_gpiote.o
 .text.nrf_gpio_cfg_output
                0x000000000001961c       0x24 _build/nrf_drv_gpiote.o
 .text.nrf_gpio_cfg_input
                0x0000000000019640       0x2e _build/nrf_drv_gpiote.o
 .text.nrf_gpio_cfg_watcher
                0x000000000001966e       0x34 _build/nrf_drv_gpiote.o
 *fill*         0x00000000000196a2        0x2 
 .text.nrf_gpio_cfg_sense_set
                0x00000000000196a4       0x60 _build/nrf_drv_gpiote.o
 .text.nrf_gpio_pin_set
                0x0000000000019704       0x20 _build/nrf_drv_gpiote.o
 .text.nrf_gpio_pin_clear
                0x0000000000019724       0x24 _build/nrf_drv_gpiote.o
 .text.nrf_gpio_pin_toggle
                0x0000000000019748       0x54 _build/nrf_drv_gpiote.o
 .text.nrf_gpio_pins_read
                0x000000000001979c       0x14 _build/nrf_drv_gpiote.o
 .text.nrf_gpio_pin_sense_get
                0x00000000000197b0       0x26 _build/nrf_drv_gpiote.o
 *fill*         0x00000000000197d6        0x2 
 .text.pin_in_use
                0x00000000000197d8       0x2c _build/nrf_drv_gpiote.o
 .text.pin_in_use_by_te
                0x0000000000019804       0x48 _build/nrf_drv_gpiote.o
 .text.pin_in_use_by_port
                0x000000000001984c       0x30 _build/nrf_drv_gpiote.o
 .text.pin_in_use_by_gpiote
                0x000000000001987c       0x2c _build/nrf_drv_gpiote.o
 .text.pin_in_use_by_te_set
                0x00000000000198a8       0x5c _build/nrf_drv_gpiote.o
 .text.pin_in_use_set
                0x0000000000019904       0x24 _build/nrf_drv_gpiote.o
 .text.pin_in_use_clear
                0x0000000000019928       0x24 _build/nrf_drv_gpiote.o
 .text.channel_port_get
                0x000000000001994c       0x24 _build/nrf_drv_gpiote.o
 .text.channel_handler_get
                0x0000000000019970       0x1c _build/nrf_drv_gpiote.o
 .text.channel_port_alloc
                0x000000000001998c       0x84 _build/nrf_drv_gpiote.o
 .text.channel_free
                0x0000000000019a10       0x40 _build/nrf_drv_gpiote.o
 .text.nrf_drv_gpiote_init
                0x0000000000019a50       0x84 _build/nrf_drv_gpiote.o
                0x0000000000019a50                nrf_drv_gpiote_init
 .text.nrf_drv_gpiote_is_init
                0x0000000000019ad4       0x1c _build/nrf_drv_gpiote.o
                0x0000000000019ad4                nrf_drv_gpiote_is_init
 .text.nrf_drv_gpiote_out_init
                0x0000000000019af0       0x9e _build/nrf_drv_gpiote.o
                0x0000000000019af0                nrf_drv_gpiote_out_init
 .text.nrf_drv_gpiote_out_set
                0x0000000000019b8e       0x18 _build/nrf_drv_gpiote.o
                0x0000000000019b8e                nrf_drv_gpiote_out_set
 .text.nrf_drv_gpiote_out_clear
                0x0000000000019ba6       0x18 _build/nrf_drv_gpiote.o
                0x0000000000019ba6                nrf_drv_gpiote_out_clear
 .text.nrf_drv_gpiote_out_toggle
                0x0000000000019bbe       0x18 _build/nrf_drv_gpiote.o
                0x0000000000019bbe                nrf_drv_gpiote_out_toggle
 *fill*         0x0000000000019bd6        0x2 
 .text.nrf_drv_gpiote_in_init
                0x0000000000019bd8       0xcc _build/nrf_drv_gpiote.o
                0x0000000000019bd8                nrf_drv_gpiote_in_init
 .text.nrf_drv_gpiote_in_event_enable
                0x0000000000019ca4      0x10c _build/nrf_drv_gpiote.o
                0x0000000000019ca4                nrf_drv_gpiote_in_event_enable
 .text.GPIOTE_IRQHandler
                0x0000000000019db0      0x1e4 _build/nrf_drv_gpiote.o
                0x0000000000019db0                GPIOTE_IRQHandler
 .text.pstorage_access_status_get
                0x0000000000019f94       0x3c _build/pstorage.o
                0x0000000000019f94                pstorage_access_status_get
 .text.nrf_gpio_cfg
                0x0000000000019fd0       0x60 _build/spi_cntrlr_fast.o
 .text.nrf_gpio_cfg_output
                0x000000000001a030       0x24 _build/spi_cntrlr_fast.o
 .text.nrf_gpio_cfg_input
                0x000000000001a054       0x2e _build/spi_cntrlr_fast.o
 .text.nrf_gpio_pin_set
                0x000000000001a082       0x20 _build/spi_cntrlr_fast.o
 *fill*         0x000000000001a0a2        0x2 
 .text.nrf_gpio_pin_clear
                0x000000000001a0a4       0x24 _build/spi_cntrlr_fast.o
 .text.spi_cntrlr_init_fast
                0x000000000001a0c8      0x114 _build/spi_cntrlr_fast.o
                0x000000000001a0c8                spi_cntrlr_init_fast
 .text.spi_cntrlr_tx_rx
                0x000000000001a1dc      0x120 _build/spi_cntrlr_fast.o
                0x000000000001a1dc                spi_cntrlr_tx_rx
 .text.NVIC_EnableIRQ
                0x000000000001a2fc       0x2c _build/main.o
 .text.NVIC_SetPriority
                0x000000000001a328       0xdc _build/main.o
 .text.NVIC_SystemReset
                0x000000000001a404       0x1c _build/main.o
 .text.nrf_adc_input_select
                0x000000000001a420       0x58 _build/main.o
 .text.nrf_adc_result_get
                0x000000000001a478       0x18 _build/main.o
 .text.nrf_adc_int_enable
                0x000000000001a490       0x20 _build/main.o
 .text.nrf_adc_conversion_event_clean
                0x000000000001a4b0       0x18 _build/main.o
 .text.sd_ble_gap_disconnect
                0x000000000001a4c8        0x8 _build/main.o
 .text.sd_ble_gap_ppcp_set
                0x000000000001a4d0        0x8 _build/main.o
 .text.sd_ble_gap_device_name_set
                0x000000000001a4d8        0x8 _build/main.o
 .text.sd_ble_gap_sec_params_reply
                0x000000000001a4e0        0x8 _build/main.o
 .text.sd_ble_gatts_sys_attr_set
                0x000000000001a4e8        0x8 _build/main.o
 .text.sd_ble_enable
                0x000000000001a4f0        0x8 _build/main.o
 .text.sd_app_evt_wait
                0x000000000001a4f8        0x8 _build/main.o
 .text.app_error_handler
                0x000000000001a500       0x1e _build/main.o
                0x000000000001a500                app_error_handler
 *fill*         0x000000000001a51e        0x2 
 .text.ADC_IRQHandler
                0x000000000001a520       0x28 _build/main.o
                0x000000000001a520                ADC_IRQHandler
 .text.adc_config
                0x000000000001a548       0x3c _build/main.o
                0x000000000001a548                adc_config
 .text.assert_nrf_callback
                0x000000000001a584       0x28 _build/main.o
                0x000000000001a584                assert_nrf_callback
 .text.gap_params_init
                0x000000000001a5ac       0xac _build/main.o
 .text.rfidrs_wrte_state_handler
                0x000000000001a658       0xe8 _build/main.o
 .text.rfidrs_target_epc_handler
                0x000000000001a740       0x94 _build/main.o
 .text.rfidrs_program_epc_handler
                0x000000000001a7d4       0x7c _build/main.o
 .text.rfidrs_read_state_handler
                0x000000000001a850       0x22 _build/main.o
 .text.rfidrs_pckt_data1_handler
                0x000000000001a872       0x22 _build/main.o
 .text.services_init
                0x000000000001a894       0x78 _build/main.o
 .text.on_conn_params_evt
                0x000000000001a90c       0x44 _build/main.o
 .text.conn_params_error_handler
                0x000000000001a950       0x1c _build/main.o
 .text.conn_params_init
                0x000000000001a96c       0x78 _build/main.o
 .text.on_adv_evt
                0x000000000001a9e4       0x14 _build/main.o
 .text.on_ble_evt
                0x000000000001a9f8       0xc0 _build/main.o
 .text.ble_evt_dispatch
                0x000000000001aab8       0x38 _build/main.o
 .text.ble_stack_init
                0x000000000001aaf0       0x98 _build/main.o
 .text.advertising_init
                0x000000000001ab88       0xac _build/main.o
 .text.power_manage
                0x000000000001ac34       0x2c _build/main.o
 .text.main     0x000000000001ac60       0xa8 _build/main.o
                0x000000000001ac60                main
 .text.sd_ble_gatts_service_add
                0x000000000001ad08        0x8 _build/ble_rfidrs.o
 .text.sd_ble_gatts_characteristic_add
                0x000000000001ad10        0x8 _build/ble_rfidrs.o
 .text.sd_ble_gatts_hvx
                0x000000000001ad18        0x8 _build/ble_rfidrs.o
 .text.sd_ble_uuid_vs_add
                0x000000000001ad20        0x8 _build/ble_rfidrs.o
 .text.uint16_decode
                0x000000000001ad28       0x26 _build/ble_rfidrs.o
 .text.ble_srv_is_notification_enabled
                0x000000000001ad4e       0x2e _build/ble_rfidrs.o
 .text.ble_srv_is_indication_enabled
                0x000000000001ad7c       0x2e _build/ble_rfidrs.o
 .text.on_connect
                0x000000000001adaa       0x1c _build/ble_rfidrs.o
 .text.on_disconnect
                0x000000000001adc6       0x1c _build/ble_rfidrs.o
 .text.on_write
                0x000000000001ade2      0x258 _build/ble_rfidrs.o
 .text.on_hvc   0x000000000001b03a       0x5a _build/ble_rfidrs.o
 .text.wrte_state_char_add
                0x000000000001b094      0x12e _build/ble_rfidrs.o
 .text.target_epc_char_add
                0x000000000001b1c2      0x1b2 _build/ble_rfidrs.o
 .text.program_epc_char_add
                0x000000000001b374      0x1b2 _build/ble_rfidrs.o
 .text.read_state_char_add
                0x000000000001b526      0x18a _build/ble_rfidrs.o
 .text.pckt_data1_char_add
                0x000000000001b6b0      0x170 _build/ble_rfidrs.o
 .text.pckt_data2_char_add
                0x000000000001b820      0x170 _build/ble_rfidrs.o
 .text.wavfm_data_char_add
                0x000000000001b990      0x170 _build/ble_rfidrs.o
 .text.log_messge_char_add
                0x000000000001bb00      0x170 _build/ble_rfidrs.o
 .text.ble_rfidrs_on_ble_evt
                0x000000000001bc70       0x70 _build/ble_rfidrs.o
                0x000000000001bc70                ble_rfidrs_on_ble_evt
 .text.ble_rfidrs_init
                0x000000000001bce0      0x1b8 _build/ble_rfidrs.o
                0x000000000001bce0                ble_rfidrs_init
 .text.ble_rfidrs_target_epc_send
                0x000000000001be98       0x8c _build/ble_rfidrs.o
                0x000000000001be98                ble_rfidrs_target_epc_send
 .text.ble_rfidrs_program_epc_send
                0x000000000001bf24       0x8c _build/ble_rfidrs.o
                0x000000000001bf24                ble_rfidrs_program_epc_send
 .text.ble_rfidrs_read_state_send
                0x000000000001bfb0       0x8c _build/ble_rfidrs.o
                0x000000000001bfb0                ble_rfidrs_read_state_send
 .text.ble_rfidrs_pckt_data1_send
                0x000000000001c03c       0x8c _build/ble_rfidrs.o
                0x000000000001c03c                ble_rfidrs_pckt_data1_send
 .text.ble_rfidrs_pckt_data2_send
                0x000000000001c0c8       0x8c _build/ble_rfidrs.o
                0x000000000001c0c8                ble_rfidrs_pckt_data2_send
 .text.ble_rfidrs_wavfm_data_send
                0x000000000001c154       0x8c _build/ble_rfidrs.o
                0x000000000001c154                ble_rfidrs_wavfm_data_send
 .text.ble_rfidrs_log_messge_send
                0x000000000001c1e0       0x8c _build/ble_rfidrs.o
                0x000000000001c1e0                ble_rfidrs_log_messge_send
 .text.rfidr_error_complete_message_send
                0x000000000001c26c      0x1f0 _build/rfidr_error.o
                0x000000000001c26c                rfidr_error_complete_message_send
 .text.nrf_gpio_cfg
                0x000000000001c45c       0x60 _build/rfidr_gpio.o
 .text.rfidr_gpiote_init
                0x000000000001c4bc      0x538 _build/rfidr_gpio.o
                0x000000000001c4bc                rfidr_gpiote_init
 .text.rfidr_fpga_irq_event_handler
                0x000000000001c9f4       0x1a _build/rfidr_gpio.o
                0x000000000001c9f4                rfidr_fpga_irq_event_handler
 .text.rfidr_dio3_event_handler
                0x000000000001ca0e       0x16 _build/rfidr_gpio.o
                0x000000000001ca0e                rfidr_dio3_event_handler
 .text.rfidr_dio2_event_handler
                0x000000000001ca24       0x16 _build/rfidr_gpio.o
                0x000000000001ca24                rfidr_dio2_event_handler
 *fill*         0x000000000001ca3a        0x2 
 .text.handle_gpio_error
                0x000000000001ca3c       0xd8 _build/rfidr_gpio.o
                0x000000000001ca3c                handle_gpio_error
 .text.send_dtc_message_gpio
                0x000000000001cb14       0x7c _build/rfidr_gpio.o
                0x000000000001cb14                send_dtc_message_gpio
 .text.rfidr_pwr_togl_event_handler
                0x000000000001cb90      0x16c _build/rfidr_gpio.o
                0x000000000001cb90                rfidr_pwr_togl_event_handler
 .text.rfidr_sample_event_handler
                0x000000000001ccfc       0xac _build/rfidr_gpio.o
                0x000000000001ccfc                rfidr_sample_event_handler
 .text.rfidr_cycle_event_handler
                0x000000000001cda8       0xac _build/rfidr_gpio.o
                0x000000000001cda8                rfidr_cycle_event_handler
 .text.rfidr_sel_ant0
                0x000000000001ce54       0x18 _build/rfidr_gpio.o
                0x000000000001ce54                rfidr_sel_ant0
 .text.rfidr_enable_pa
                0x000000000001ce6c       0x40 _build/rfidr_gpio.o
                0x000000000001ce6c                rfidr_enable_pa
 .text.rfidr_disable_pa
                0x000000000001ceac       0x40 _build/rfidr_gpio.o
                0x000000000001ceac                rfidr_disable_pa
 .text.rfidr_reset_fpga
                0x000000000001ceec       0x24 _build/rfidr_gpio.o
                0x000000000001ceec                rfidr_reset_fpga
 .text.rfidr_reset_radio
                0x000000000001cf10       0x2a _build/rfidr_gpio.o
                0x000000000001cf10                rfidr_reset_radio
 .text.rfidr_enable_xo
                0x000000000001cf3a       0x12 _build/rfidr_gpio.o
                0x000000000001cf3a                rfidr_enable_xo
 .text.rfidr_enable_led0
                0x000000000001cf4c       0x12 _build/rfidr_gpio.o
                0x000000000001cf4c                rfidr_enable_led0
 .text.rfidr_disable_led0
                0x000000000001cf5e       0x12 _build/rfidr_gpio.o
                0x000000000001cf5e                rfidr_disable_led0
 .text.rfidr_enable_led1
                0x000000000001cf70       0x12 _build/rfidr_gpio.o
                0x000000000001cf70                rfidr_enable_led1
 .text.rfidr_disable_led1
                0x000000000001cf82       0x12 _build/rfidr_gpio.o
                0x000000000001cf82                rfidr_disable_led1
 .text.rfidr_toggle_led1
                0x000000000001cf94       0x12 _build/rfidr_gpio.o
                0x000000000001cf94                rfidr_toggle_led1
 .text.load_rfidr_rxram_default
                0x000000000001cfa6      0x180 _build/rfidr_rxradio.o
                0x000000000001cfa6                load_rfidr_rxram_default
 *fill*         0x000000000001d126        0x2 
 .text.rfidr_push_data_over_ble
                0x000000000001d128      0x54c _build/rfidr_rxradio.o
                0x000000000001d128                rfidr_push_data_over_ble
 .text.rfidr_pull_and_check_read_data
                0x000000000001d674      0x42e _build/rfidr_rxradio.o
                0x000000000001d674                rfidr_pull_and_check_read_data
 .text.rfidr_read_main_magnitude
                0x000000000001daa2       0xb0 _build/rfidr_rxradio.o
                0x000000000001daa2                rfidr_read_main_magnitude
 .text.rfidr_read_alt_magnitude
                0x000000000001db52       0xb0 _build/rfidr_rxradio.o
                0x000000000001db52                rfidr_read_alt_magnitude
 .text.rfidr_read_epc
                0x000000000001dc02       0xb2 _build/rfidr_rxradio.o
                0x000000000001dc02                rfidr_read_epc
 .text.spi_cntrlr_init
                0x000000000001dcb4       0x60 _build/rfidr_spi.o
                0x000000000001dcb4                spi_cntrlr_init
 .text.spi_cntrlr_send_recv
                0x000000000001dd14       0x40 _build/rfidr_spi.o
                0x000000000001dd14                spi_cntrlr_send_recv
 .text.spi_cntrlr_read_rx
                0x000000000001dd54       0x20 _build/rfidr_spi.o
                0x000000000001dd54                spi_cntrlr_read_rx
 .text.spi_cntrlr_set_tx
                0x000000000001dd74      0x1d0 _build/rfidr_spi.o
                0x000000000001dd74                spi_cntrlr_set_tx
 .text.spi_cntrlr_write_tx_robust
                0x000000000001df44       0xa0 _build/rfidr_spi.o
                0x000000000001df44                spi_cntrlr_write_tx_robust
 .text.spi_cntrlr_write_sx1257_robust
                0x000000000001dfe4      0x1ec _build/rfidr_spi.o
                0x000000000001dfe4                spi_cntrlr_write_sx1257_robust
 .text.spi_cntrlr_read_sx1257_robust
                0x000000000001e1d0       0xec _build/rfidr_spi.o
                0x000000000001e1d0                spi_cntrlr_read_sx1257_robust
 .text.nrf_adc_start
                0x000000000001e2bc       0x14 _build/rfidr_state.o
 .text.decode_rfidr_state
                0x000000000001e2d0       0xb0 _build/rfidr_state.o
 .text.send_log_message
                0x000000000001e380       0xa8 _build/rfidr_state.o
 .text.send_short_message
                0x000000000001e428       0x7c _build/rfidr_state.o
 .text.rfidr_state_init
                0x000000000001e4a4       0x84 _build/rfidr_state.o
                0x000000000001e4a4                rfidr_state_init
 .text.update_adc_sample
                0x000000000001e528       0x28 _build/rfidr_state.o
                0x000000000001e528                update_adc_sample
 .text.rfidr_state_received_irq
                0x000000000001e550       0x14 _build/rfidr_state.o
                0x000000000001e550                rfidr_state_received_irq
 .text.rfidr_state_received_read_state_confirmation
                0x000000000001e564       0x14 _build/rfidr_state.o
                0x000000000001e564                rfidr_state_received_read_state_confirmation
 .text.rfidr_state_received_pckt_data1_confirmation
                0x000000000001e578       0x14 _build/rfidr_state.o
                0x000000000001e578                rfidr_state_received_pckt_data1_confirmation
 .text.rfidr_state_bookend_function
                0x000000000001e58c       0x68 _build/rfidr_state.o
 .text.handle_error
                0x000000000001e5f4      0x1c0 _build/rfidr_state.o
 .text.write_rfidr_state_next
                0x000000000001e7b4      0x108 _build/rfidr_state.o
                0x000000000001e7b4                write_rfidr_state_next
 .text.read_rfidr_state
                0x000000000001e8bc       0x20 _build/rfidr_state.o
                0x000000000001e8bc                read_rfidr_state
 .text.tx_offset_calibration_core
                0x000000000001e8dc      0x104 _build/rfidr_state.o
 .text.tx_offset_calibration_brute_force
                0x000000000001e9e0      0x200 _build/rfidr_state.o
 .text.initialization_core
                0x000000000001ebe0      0x1e4 _build/rfidr_state.o
 .text.search_core
                0x000000000001edc4      0x718 _build/rfidr_state.o
 .text.end_inventory
                0x000000000001f4dc       0xe8 _build/rfidr_state.o
 .text.inventory_core
                0x000000000001f5c4      0x85c _build/rfidr_state.o
 .text.tracking_core
                0x000000000001fe20      0xcf0 _build/rfidr_state.o
 .text.program_core
                0x0000000000020b10      0x518 _build/rfidr_state.o
 .text.run_rfidr_state_machine
                0x0000000000021028      0xae4 _build/rfidr_state.o
                0x0000000000021028                run_rfidr_state_machine
 .text.sx1257_frequency_decode
                0x0000000000021b0c       0xf4 _build/rfidr_sx1257.o
 .text.load_sx1257_default
                0x0000000000021c00      0x2d0 _build/rfidr_sx1257.o
                0x0000000000021c00                load_sx1257_default
 .text.set_sx1257_lna_gain
                0x0000000000021ed0       0x40 _build/rfidr_sx1257.o
                0x0000000000021ed0                set_sx1257_lna_gain
 .text.get_sx1257_lna_gain
                0x0000000000021f10       0x3a _build/rfidr_sx1257.o
                0x0000000000021f10                get_sx1257_lna_gain
 .text.set_sx1257_tx_power_high
                0x0000000000021f4a       0x32 _build/rfidr_sx1257.o
                0x0000000000021f4a                set_sx1257_tx_power_high
 .text.hop_sx1257_frequency
                0x0000000000021f7c      0x158 _build/rfidr_sx1257.o
                0x0000000000021f7c                hop_sx1257_frequency
 .text.set_sx1257_frequency
                0x00000000000220d4      0x13c _build/rfidr_sx1257.o
                0x00000000000220d4                set_sx1257_frequency
 .text.rfidr_txradio_init
                0x0000000000022210      0x178 _build/rfidr_txradio.o
                0x0000000000022210                rfidr_txradio_init
 .text.set_app_specd_target_epc
                0x0000000000022388       0x9c _build/rfidr_txradio.o
                0x0000000000022388                set_app_specd_target_epc
 .text.set_app_specd_program_epc
                0x0000000000022424       0x5c _build/rfidr_txradio.o
                0x0000000000022424                set_app_specd_program_epc
 .text.set_last_inv_epc
                0x0000000000022480       0x40 _build/rfidr_txradio.o
                0x0000000000022480                set_last_inv_epc
 .text.read_length_app_specd_target_epc
                0x00000000000224c0       0x20 _build/rfidr_txradio.o
                0x00000000000224c0                read_length_app_specd_target_epc
 .text.read_app_specd_program_epc
                0x00000000000224e0       0x3c _build/rfidr_txradio.o
                0x00000000000224e0                read_app_specd_program_epc
 .text.read_last_inv_epc
                0x000000000002251c       0x3c _build/rfidr_txradio.o
                0x000000000002251c                read_last_inv_epc
 .text.set_select_target
                0x0000000000022558       0x24 _build/rfidr_txradio.o
                0x0000000000022558                set_select_target
 .text.set_select_action
                0x000000000002257c       0x24 _build/rfidr_txradio.o
                0x000000000002257c                set_select_action
 .text.set_query_sel
                0x00000000000225a0       0x24 _build/rfidr_txradio.o
                0x00000000000225a0                set_query_sel
 .text.set_query_session
                0x00000000000225c4       0x30 _build/rfidr_txradio.o
                0x00000000000225c4                set_query_session
 .text.set_query_target
                0x00000000000225f4       0x24 _build/rfidr_txradio.o
                0x00000000000225f4                set_query_target
 .text.set_query_q
                0x0000000000022618       0x24 _build/rfidr_txradio.o
                0x0000000000022618                set_query_q
 .text.merge_code_nibbles
                0x000000000002263c       0x50 _build/rfidr_txradio.o
 .text.merge_and_write_tx_ram
                0x000000000002268c       0x76 _build/rfidr_txradio.o
 *fill*         0x0000000000022702        0x2 
 .text.load_select_packet_only
                0x0000000000022704      0x8b8 _build/rfidr_txradio.o
                0x0000000000022704                load_select_packet_only
 .text.compute_query_crc5
                0x0000000000022fbc      0x142 _build/rfidr_txradio.o
 *fill*         0x00000000000230fe        0x2 
 .text.load_query_packet_only
                0x0000000000023100      0x2c8 _build/rfidr_txradio.o
                0x0000000000023100                load_query_packet_only
 .text.load_write_packet_16b
                0x00000000000233c8      0x530 _build/rfidr_txradio.o
 .text.load_write_packet_only_program_epc
                0x00000000000238f8      0x13c _build/rfidr_txradio.o
                0x00000000000238f8                load_write_packet_only_program_epc
 .text.load_write_packet_only_kill_password
                0x0000000000023a34       0x7c _build/rfidr_txradio.o
                0x0000000000023a34                load_write_packet_only_kill_password
 .text.load_write_packet_only_kill_command
                0x0000000000023ab0       0x7c _build/rfidr_txradio.o
                0x0000000000023ab0                load_write_packet_only_kill_command
 .text.load_txcw0_packet
                0x0000000000023b2c       0x4a _build/rfidr_txradio.o
 *fill*         0x0000000000023b76        0x2 
 .text.load_query_rep_packet
                0x0000000000023b78      0x180 _build/rfidr_txradio.o
                0x0000000000023b78                load_query_rep_packet
 .text.load_query_adj_packet
                0x0000000000023cf8      0x264 _build/rfidr_txradio.o
                0x0000000000023cf8                load_query_adj_packet
 .text.load_ack_handle_packet
                0x0000000000023f5c       0xc2 _build/rfidr_txradio.o
 .text.load_ack_rn16_packet
                0x000000000002401e       0xc2 _build/rfidr_txradio.o
 .text.load_nak_packet
                0x00000000000240e0      0x13a _build/rfidr_txradio.o
 .text.load_reqhdl_packet
                0x000000000002421a      0x13a _build/rfidr_txradio.o
 .text.load_reqrn16_packet
                0x0000000000024354      0x134 _build/rfidr_txradio.o
 .text.load_lock_packet
                0x0000000000024488      0x1a4 _build/rfidr_txradio.o
 .text.load_read_packet
                0x000000000002462c      0x1b6 _build/rfidr_txradio.o
 .text.load_rfidr_txram_default
                0x00000000000247e2      0x15c _build/rfidr_txradio.o
                0x00000000000247e2                load_rfidr_txram_default
 .text.enter_dtc_test_mode
                0x000000000002493e       0x6c _build/rfidr_user.o
                0x000000000002493e                enter_dtc_test_mode
 .text.exit_dtc_test_mode
                0x00000000000249aa       0x5e _build/rfidr_user.o
                0x00000000000249aa                exit_dtc_test_mode
 .text.pwr_togl_received_irq
                0x0000000000024a08       0x6c _build/rfidr_user.o
                0x0000000000024a08                pwr_togl_received_irq
 .text.sample_received_irq
                0x0000000000024a74       0x6c _build/rfidr_user.o
                0x0000000000024a74                sample_received_irq
 .text.cycle_received_irq
                0x0000000000024ae0       0x6c _build/rfidr_user.o
                0x0000000000024ae0                cycle_received_irq
 .text.is_clk_36_running
                0x0000000000024b4c       0x42 _build/rfidr_user.o
                0x0000000000024b4c                is_clk_36_running
 .text.is_clk_36_valid
                0x0000000000024b8e       0x46 _build/rfidr_user.o
                0x0000000000024b8e                is_clk_36_valid
 .text.read_radio_exit_code
                0x0000000000024bd4       0x38 _build/rfidr_user.o
                0x0000000000024bd4                read_radio_exit_code
 .text.read_radio_write_cntr
                0x0000000000024c0c       0x3a _build/rfidr_user.o
                0x0000000000024c0c                read_radio_write_cntr
 .text.set_go_radio_oneshot
                0x0000000000024c46       0x6c _build/rfidr_user.o
                0x0000000000024c46                set_go_radio_oneshot
 .text.set_irq_ack_oneshot
                0x0000000000024cb2       0x6c _build/rfidr_user.o
                0x0000000000024cb2                set_irq_ack_oneshot
 .text.set_clk_36_oneshot
                0x0000000000024d1e       0x22 _build/rfidr_user.o
                0x0000000000024d1e                set_clk_36_oneshot
 .text.set_use_i
                0x0000000000024d40       0x94 _build/rfidr_user.o
                0x0000000000024d40                set_use_i
 .text.set_use_q
                0x0000000000024dd4       0x8e _build/rfidr_user.o
                0x0000000000024dd4                set_use_q
 .text.set_use_kill_pkt
                0x0000000000024e62       0x86 _build/rfidr_user.o
                0x0000000000024e62                set_use_kill_pkt
 .text.set_use_select_pkt
                0x0000000000024ee8       0x86 _build/rfidr_user.o
                0x0000000000024ee8                set_use_select_pkt
 .text.set_alt_radio_fsm_loop
                0x0000000000024f6e       0x86 _build/rfidr_user.o
                0x0000000000024f6e                set_alt_radio_fsm_loop
 .text.set_end_radio_fsm_loop
                0x0000000000024ff4       0x86 _build/rfidr_user.o
                0x0000000000024ff4                set_end_radio_fsm_loop
 .text.set_radio_mode_search
                0x000000000002507a       0x8e _build/rfidr_user.o
                0x000000000002507a                set_radio_mode_search
 .text.set_radio_mode_inventory
                0x0000000000025108       0x96 _build/rfidr_user.o
                0x0000000000025108                set_radio_mode_inventory
 .text.set_radio_mode_program
                0x000000000002519e       0x96 _build/rfidr_user.o
                0x000000000002519e                set_radio_mode_program
 .text.set_sx1257_pll_chk_mode
                0x0000000000025234       0x8c _build/rfidr_user.o
                0x0000000000025234                set_sx1257_pll_chk_mode
 .text.unset_sx1257_pll_chk_mode
                0x00000000000252c0       0x86 _build/rfidr_user.o
                0x00000000000252c0                unset_sx1257_pll_chk_mode
 .text.set_tx_sdm_offset
                0x0000000000025346       0xb6 _build/rfidr_user.o
                0x0000000000025346                set_tx_sdm_offset
 .text.set_tx_zgn_offset
                0x00000000000253fc       0xb6 _build/rfidr_user.o
                0x00000000000253fc                set_tx_zgn_offset
 *fill*         0x00000000000254b2        0x2 
 .text.rfidr_push_waveform_data_over_ble
                0x00000000000254b4      0x140 _build/rfidr_waveform.o
                0x00000000000254b4                rfidr_push_waveform_data_over_ble
 .text.sd_ble_gap_address_get
                0x00000000000255f4        0x8 _build/ble_advdata.o
 .text.sd_ble_gap_adv_data_set
                0x00000000000255fc        0x8 _build/ble_advdata.o
 .text.sd_ble_gap_appearance_get
                0x0000000000025604        0x8 _build/ble_advdata.o
 .text.sd_ble_gap_device_name_get
                0x000000000002560c        0x8 _build/ble_advdata.o
 .text.sd_ble_uuid_encode
                0x0000000000025614        0x8 _build/ble_advdata.o
 .text.uint16_encode
                0x000000000002561c       0x32 _build/ble_advdata.o
 .text.tk_value_encode
                0x000000000002564e       0xac _build/ble_advdata.o
 .text.le_role_encode
                0x00000000000256fa       0xd8 _build/ble_advdata.o
 .text.ble_device_addr_encode
                0x00000000000257d2       0xce _build/ble_advdata.o
 .text.name_encode
                0x00000000000258a0      0x15c _build/ble_advdata.o
 .text.appearance_encode
                0x00000000000259fc       0xa0 _build/ble_advdata.o
 .text.flags_encode
                0x0000000000025a9c       0x8a _build/ble_advdata.o
 .text.sec_mgr_oob_flags_encode
                0x0000000000025b26       0x8a _build/ble_advdata.o
 .text.tx_power_level_encode
                0x0000000000025bb0       0x8a _build/ble_advdata.o
 .text.uuid_list_sized_encode
                0x0000000000025c3a      0x194 _build/ble_advdata.o
 .text.uuid_list_encode
                0x0000000000025dce       0x8a _build/ble_advdata.o
 .text.conn_int_check
                0x0000000000025e58       0x80 _build/ble_advdata.o
 .text.conn_int_encode
                0x0000000000025ed8       0xc8 _build/ble_advdata.o
 .text.manuf_specific_data_encode
                0x0000000000025fa0       0xe4 _build/ble_advdata.o
 .text.service_data_encode
                0x0000000000026084      0x114 _build/ble_advdata.o
 .text.adv_data_encode
                0x0000000000026198      0x286 _build/ble_advdata.o
                0x0000000000026198                adv_data_encode
 .text.advdata_check
                0x000000000002641e       0x22 _build/ble_advdata.o
 .text.srdata_check
                0x0000000000026440       0x1e _build/ble_advdata.o
 .text.ble_advdata_set
                0x000000000002645e       0xd8 _build/ble_advdata.o
                0x000000000002645e                ble_advdata_set
 .text.sd_ble_gap_adv_start
                0x0000000000026536        0x8 _build/ble_advertising.o
 .text.whitelist_has_entries
                0x000000000002653e       0x26 _build/ble_advertising.o
 .text.ble_advertising_peer_address_clear
                0x0000000000026564       0x1c _build/ble_advertising.o
 .text.peer_address_exists
                0x0000000000026580       0x34 _build/ble_advertising.o
 .text.ble_advertising_init
                0x00000000000265b4      0x1fc _build/ble_advertising.o
                0x00000000000265b4                ble_advertising_init
 .text.ble_advertising_start
                0x00000000000267b0      0x364 _build/ble_advertising.o
                0x00000000000267b0                ble_advertising_start
 .text.ble_advertising_on_ble_evt
                0x0000000000026b14      0x148 _build/ble_advertising.o
                0x0000000000026b14                ble_advertising_on_ble_evt
 .text.sd_ble_gap_conn_param_update
                0x0000000000026c5c        0x8 _build/ble_conn_params.o
 .text.sd_ble_gap_disconnect
                0x0000000000026c64        0x8 _build/ble_conn_params.o
 .text.sd_ble_gap_ppcp_set
                0x0000000000026c6c        0x8 _build/ble_conn_params.o
 .text.sd_ble_gap_ppcp_get
                0x0000000000026c74        0x8 _build/ble_conn_params.o
 .text.uint16_decode
                0x0000000000026c7c       0x26 _build/ble_conn_params.o
 .text.ble_srv_is_notification_enabled
                0x0000000000026ca2       0x2e _build/ble_conn_params.o
 .text.is_conn_params_ok
                0x0000000000026cd0       0x34 _build/ble_conn_params.o
 .text.update_timeout_handler
                0x0000000000026d04       0xc4 _build/ble_conn_params.o
 .text.ble_conn_params_init
                0x0000000000026dc8       0xa4 _build/ble_conn_params.o
                0x0000000000026dc8                ble_conn_params_init
 .text.conn_params_negotiation
                0x0000000000026e6c       0xb8 _build/ble_conn_params.o
 .text.on_connect
                0x0000000000026f24       0x4c _build/ble_conn_params.o
 .text.on_disconnect
                0x0000000000026f70       0x54 _build/ble_conn_params.o
 .text.on_write
                0x0000000000026fc4       0x6c _build/ble_conn_params.o
 .text.on_conn_params_update
                0x0000000000027030       0x2c _build/ble_conn_params.o
 .text.ble_conn_params_on_ble_evt
                0x000000000002705c       0x52 _build/ble_conn_params.o
                0x000000000002705c                ble_conn_params_on_ble_evt
 *fill*         0x00000000000270ae        0x2 
 .text.SystemInit
                0x00000000000270b0       0x40 _build/system_nrf51.o
                0x00000000000270b0                SystemInit
 .text.is_manual_peripheral_setup_needed
                0x00000000000270f0       0x80 _build/system_nrf51.o
 .text.is_disabled_in_debug_needed
                0x0000000000027170       0x4c _build/system_nrf51.o
 .text.nrf_adc_input_select
                0x00000000000271bc       0x58 _build/nrf_adc.o
 .text.nrf_adc_configure
                0x0000000000027214       0x84 _build/nrf_adc.o
                0x0000000000027214                nrf_adc_configure
 .text.sd_nvic_EnableIRQ
                0x0000000000027298        0x8 _build/softdevice_handler.o
 .text.sd_evt_get
                0x00000000000272a0        0x8 _build/softdevice_handler.o
 .text.sd_softdevice_enable
                0x00000000000272a8        0x8 _build/softdevice_handler.o
 .text.is_word_aligned
                0x00000000000272b0       0x1c _build/softdevice_handler.o
 .text.sd_ble_evt_get
                0x00000000000272cc        0x8 _build/softdevice_handler.o
 .text.softdevice_assertion_handler
                0x00000000000272d4       0x28 _build/softdevice_handler.o
                0x00000000000272d4                softdevice_assertion_handler
 .text.intern_softdevice_events_execute
                0x00000000000272fc      0x110 _build/softdevice_handler.o
                0x00000000000272fc                intern_softdevice_events_execute
 .text.softdevice_handler_init
                0x000000000002740c       0x8c _build/softdevice_handler.o
                0x000000000002740c                softdevice_handler_init
 .text.softdevice_ble_evt_handler_set
                0x0000000000027498       0x28 _build/softdevice_handler.o
                0x0000000000027498                softdevice_ble_evt_handler_set
 .text.SWI2_IRQHandler
                0x00000000000274c0       0x40 _build/softdevice_handler.o
                0x00000000000274c0                SWI2_IRQHandler
 .text          0x0000000000027500       0x54 _build/gcc_startup_nrf51.o
                0x0000000000027500                Reset_Handler
                0x0000000000027548                NMI_Handler
                0x000000000002754a                HardFault_Handler
                0x000000000002754c                SVC_Handler
                0x000000000002754e                PendSV_Handler
                0x0000000000027550                SysTick_Handler
                0x0000000000027552                TIMER2_IRQHandler
                0x0000000000027552                SPI0_TWI0_IRQHandler
                0x0000000000027552                RTC0_IRQHandler
                0x0000000000027552                POWER_CLOCK_IRQHandler
                0x0000000000027552                RADIO_IRQHandler
                0x0000000000027552                LPCOMP_IRQHandler
                0x0000000000027552                SWI4_IRQHandler
                0x0000000000027552                TEMP_IRQHandler
                0x0000000000027552                QDEC_IRQHandler
                0x0000000000027552                UART0_IRQHandler
                0x0000000000027552                SWI5_IRQHandler
                0x0000000000027552                TIMER0_IRQHandler
                0x0000000000027552                TIMER1_IRQHandler
                0x0000000000027552                ECB_IRQHandler
                0x0000000000027552                Default_Handler
                0x0000000000027552                SWI3_IRQHandler
                0x0000000000027552                CCM_AAR_IRQHandler
                0x0000000000027552                WDT_IRQHandler
                0x0000000000027552                RNG_IRQHandler
                0x0000000000027552                SPI1_TWI1_IRQHandler
                0x0000000000027552                SWI1_IRQHandler
 .text.memcmp   0x0000000000027554       0x1e /usr/bin/../lib/gcc/arm-none-eabi/7.3.1/../../../../arm-none-eabi/lib/thumb/v6-m/libc_nano.a(lib_a-memcmp.o)
                0x0000000000027554                memcmp
 .text.memcpy   0x0000000000027572       0x12 /usr/bin/../lib/gcc/arm-none-eabi/7.3.1/../../../../arm-none-eabi/lib/thumb/v6-m/libc_nano.a(lib_a-memcpy-stub.o)
                0x0000000000027572                memcpy
 .text.sprintf  0x0000000000027584       0x40 /usr/bin/../lib/gcc/arm-none-eabi/7.3.1/../../../../arm-none-eabi/lib/thumb/v6-m/libc_nano.a(lib_a-sprintf.o)
                0x0000000000027584                sprintf
                0x0000000000027584                siprintf
 .text          0x00000000000275c4        0xe /usr/bin/../lib/gcc/arm-none-eabi/7.3.1/../../../../arm-none-eabi/lib/thumb/v6-m/libc_nano.a(lib_a-strlen.o)
                0x00000000000275c4                strlen
 .text.strncpy  0x00000000000275d2       0x28 /usr/bin/../lib/gcc/arm-none-eabi/7.3.1/../../../../arm-none-eabi/lib/thumb/v6-m/libc_nano.a(lib_a-strncpy.o)
                0x00000000000275d2                strncpy
 *fill*         0x00000000000275fa        0x2 
 .text.__ssputs_r
                0x00000000000275fc       0xc4 /usr/bin/../lib/gcc/arm-none-eabi/7.3.1/../../../../arm-none-eabi/lib/thumb/v6-m/libc_nano.a(lib_a-nano-svfprintf.o)
                0x00000000000275fc                __ssputs_r
 .text._svfprintf_r
                0x00000000000276c0      0x1fc /usr/bin/../lib/gcc/arm-none-eabi/7.3.1/../../../../arm-none-eabi/lib/thumb/v6-m/libc_nano.a(lib_a-nano-svfprintf.o)
                0x00000000000276c0                _svfprintf_r
                0x00000000000276c0                _svfiprintf_r
 .text._printf_common
                0x00000000000278bc       0xda /usr/bin/../lib/gcc/arm-none-eabi/7.3.1/../../../../arm-none-eabi/lib/thumb/v6-m/libc_nano.a(lib_a-nano-vfprintf_i.o)
                0x00000000000278bc                _printf_common
 *fill*         0x0000000000027996        0x2 
 .text._printf_i
                0x0000000000027998      0x210 /usr/bin/../lib/gcc/arm-none-eabi/7.3.1/../../../../arm-none-eabi/lib/thumb/v6-m/libc_nano.a(lib_a-nano-vfprintf_i.o)
                0x0000000000027998                _printf_i
 .text.memchr   0x0000000000027ba8       0x16 /usr/bin/../lib/gcc/arm-none-eabi/7.3.1/../../../../arm-none-eabi/lib/thumb/v6-m/libc_nano.a(lib_a-memchr-stub.o)
                0x0000000000027ba8                memchr
 .text.memmove  0x0000000000027bbe       0x26 /usr/bin/../lib/gcc/arm-none-eabi/7.3.1/../../../../arm-none-eabi/lib/thumb/v6-m/libc_nano.a(lib_a-memmove.o)
                0x0000000000027bbe                memmove
 .text._free_r  0x0000000000027be4       0x94 /usr/bin/../lib/gcc/arm-none-eabi/7.3.1/../../../../arm-none-eabi/lib/thumb/v6-m/libc_nano.a(lib_a-nano-freer.o)
                0x0000000000027be4                _free_r
 .text._malloc_r
                0x0000000000027c78       0xbc /usr/bin/../lib/gcc/arm-none-eabi/7.3.1/../../../../arm-none-eabi/lib/thumb/v6-m/libc_nano.a(lib_a-nano-mallocr.o)
                0x0000000000027c78                _malloc_r
 .text._realloc_r
                0x0000000000027d34       0x4c /usr/bin/../lib/gcc/arm-none-eabi/7.3.1/../../../../arm-none-eabi/lib/thumb/v6-m/libc_nano.a(lib_a-nano-reallocr.o)
                0x0000000000027d34                _realloc_r
 .text._sbrk_r  0x0000000000027d80       0x24 /usr/bin/../lib/gcc/arm-none-eabi/7.3.1/../../../../arm-none-eabi/lib/thumb/v6-m/libc_nano.a(lib_a-sbrkr.o)
                0x0000000000027d80                _sbrk_r
 .text.__malloc_lock
                0x0000000000027da4        0x2 /usr/bin/../lib/gcc/arm-none-eabi/7.3.1/../../../../arm-none-eabi/lib/thumb/v6-m/libc_nano.a(lib_a-mlock.o)
                0x0000000000027da4                __malloc_lock
 .text.__malloc_unlock
                0x0000000000027da6        0x2 /usr/bin/../lib/gcc/arm-none-eabi/7.3.1/../../../../arm-none-eabi/lib/thumb/v6-m/libc_nano.a(lib_a-mlock.o)
                0x0000000000027da6                __malloc_unlock
 .text._malloc_usable_size_r
                0x0000000000027da8       0x10 /usr/bin/../lib/gcc/arm-none-eabi/7.3.1/../../../../arm-none-eabi/lib/thumb/v6-m/libc_nano.a(lib_a-nano-msizer.o)
                0x0000000000027da8                _malloc_usable_size_r
 .text._sbrk    0x0000000000027db8       0x1c /usr/bin/../lib/gcc/arm-none-eabi/7.3.1/../../../../arm-none-eabi/lib/thumb/v6-m/libnosys.a(sbrk.o)
                0x0000000000027db8                _sbrk
 .text          0x0000000000027dd4      0x114 /usr/bin/../lib/gcc/arm-none-eabi/7.3.1/thumb/v6-m/libgcc.a(_udivsi3.o)
                0x0000000000027dd4                __udivsi3
                0x0000000000027dd4                __aeabi_uidiv
                0x0000000000027ee0                __aeabi_uidivmod
 .text          0x0000000000027ee8      0x1d4 /usr/bin/../lib/gcc/arm-none-eabi/7.3.1/thumb/v6-m/libgcc.a(_divsi3.o)
                0x0000000000027ee8                __aeabi_idiv
                0x0000000000027ee8                __divsi3
                0x00000000000280b4                __aeabi_idivmod
 .text          0x00000000000280bc        0x4 /usr/bin/../lib/gcc/arm-none-eabi/7.3.1/thumb/v6-m/libgcc.a(_dvmd_tls.o)
                0x00000000000280bc                __aeabi_ldiv0
                0x00000000000280bc                __aeabi_idiv0
 *(.init)
 .init          0x00000000000280c0        0x4 /usr/bin/../lib/gcc/arm-none-eabi/7.3.1/thumb/v6-m/crti.o
                0x00000000000280c0                _init
 .init          0x00000000000280c4        0x8 /usr/bin/../lib/gcc/arm-none-eabi/7.3.1/thumb/v6-m/crtn.o
 *(.fini)
 .fini          0x00000000000280cc        0x4 /usr/bin/../lib/gcc/arm-none-eabi/7.3.1/thumb/v6-m/crti.o
                0x00000000000280cc                _fini
 .fini          0x00000000000280d0        0x8 /usr/bin/../lib/gcc/arm-none-eabi/7.3.1/thumb/v6-m/crtn.o
 *crtbegin.o(.ctors)
 *crtbegin?.o(.ctors)
 *(EXCLUDE_FILE(*crtend.o *crtend?.o) .ctors)
 *(SORT_BY_NAME(.ctors.*))
 *(.ctors)
 *crtbegin.o(.dtors)
 *crtbegin?.o(.dtors)
 *(EXCLUDE_FILE(*crtend.o *crtend?.o) .dtors)
 *(SORT_BY_NAME(.dtors.*))
 *(.dtors)
 *(.rodata*)
 .rodata._global_impure_ptr
                0x00000000000280d8        0x4 /usr/bin/../lib/gcc/arm-none-eabi/7.3.1/../../../../arm-none-eabi/lib/thumb/v6-m/libc_nano.a(lib_a-impure.o)
                0x00000000000280d8                _global_impure_ptr
 .rodata        0x00000000000280dc       0x1c _build/main.o
 .rodata.rfidrs_wrte_state_handler
                0x00000000000280f8       0x3c _build/main.o
 .rodata        0x0000000000028134       0x10 _build/ble_rfidrs.o
 .rodata        0x0000000000028144       0x21 _build/rfidr_error.o
 *fill*         0x0000000000028165        0x3 
 .rodata        0x0000000000028168       0xe6 _build/rfidr_gpio.o
 *fill*         0x000000000002824e        0x2 
 .rodata.decode_rfidr_state
                0x0000000000028250       0x3c _build/rfidr_state.o
 .rodata        0x000000000002828c      0xd76 _build/rfidr_state.o
 *fill*         0x0000000000029002        0x2 
 .rodata.write_rfidr_state_next
                0x0000000000029004       0x3c _build/rfidr_state.o
 .rodata.run_rfidr_state_machine
                0x0000000000029040       0x3c _build/rfidr_state.o
 .rodata.q_q_vector_def0.8991
                0x000000000002907c       0x11 _build/rfidr_state.o
 *fill*         0x000000000002908d        0x3 
 .rodata.q_q_vector_def1.8992
                0x0000000000029090       0x11 _build/rfidr_state.o
 *fill*         0x00000000000290a1        0x3 
 .rodata.q_q_vector_def2.8993
                0x00000000000290a4       0x11 _build/rfidr_state.o
 *fill*         0x00000000000290b5        0x3 
 .rodata.q_q_vector_def3.8994
                0x00000000000290b8       0x11 _build/rfidr_state.o
 *fill*         0x00000000000290c9        0x3 
 .rodata.q_q_vector_def4.8995
                0x00000000000290cc       0x11 _build/rfidr_state.o
 *fill*         0x00000000000290dd        0x3 
 .rodata.q_q_vector_def5.8996
                0x00000000000290e0       0x11 _build/rfidr_state.o
 *fill*         0x00000000000290f1        0x3 
 .rodata.sx1257_frequency_decode
                0x00000000000290f4       0x64 _build/rfidr_sx1257.o
 .rodata.load_select_packet_only
                0x0000000000029158       0x48 _build/rfidr_txradio.o
 .rodata.load_write_packet_16b
                0x00000000000291a0       0x18 _build/rfidr_txradio.o
 .rodata.m_conn_params_timer_id
                0x00000000000291b8        0x4 _build/ble_conn_params.o
 .rodata._svfprintf_r.str1.1
                0x00000000000291bc       0x11 /usr/bin/../lib/gcc/arm-none-eabi/7.3.1/../../../../arm-none-eabi/lib/thumb/v6-m/libc_nano.a(lib_a-nano-svfprintf.o)
 .rodata._printf_i.str1.1
                0x00000000000291cd       0x22 /usr/bin/../lib/gcc/arm-none-eabi/7.3.1/../../../../arm-none-eabi/lib/thumb/v6-m/libc_nano.a(lib_a-nano-vfprintf_i.o)
 *(.eh_frame*)
 *fill*         0x00000000000291ef        0x1 
 .eh_frame      0x00000000000291f0        0x0 /usr/bin/../lib/gcc/arm-none-eabi/7.3.1/thumb/v6-m/crtbegin.o
                0x00000000000291f0                . = ALIGN (0x4)

.glue_7         0x00000000000291f0        0x0
 .glue_7        0x00000000000291f0        0x0 linker stubs

.glue_7t        0x00000000000291f0        0x0
 .glue_7t       0x00000000000291f0        0x0 linker stubs

.vfp11_veneer   0x00000000000291f0        0x0
 .vfp11_veneer  0x00000000000291f0        0x0 linker stubs

.v4_bx          0x00000000000291f0        0x0
 .v4_bx         0x00000000000291f0        0x0 linker stubs

.iplt           0x00000000000291f0        0x0
 .iplt          0x00000000000291f0        0x0 /usr/bin/../lib/gcc/arm-none-eabi/7.3.1/thumb/v6-m/crtbegin.o

.ARM.extab      0x00000000000291f0        0x0
 *(.ARM.extab* .gnu.linkonce.armextab.*)
                0x00000000000291f0                . = ALIGN (0x4)
                0x00000000000291f0                __exidx_start = .

.ARM.exidx      0x00000000000291f0        0x8
 *(.ARM.exidx* .gnu.linkonce.armexidx.*)
 .ARM.exidx     0x00000000000291f0        0x8 /usr/bin/../lib/gcc/arm-none-eabi/7.3.1/../../../../arm-none-eabi/lib/thumb/v6-m/crt0.o
 .ARM.exidx     0x00000000000291f8        0x0 _build/gcc_startup_nrf51.o
                                          0x8 (size before relaxing)
                0x00000000000291f8                . = ALIGN (0x4)
                0x00000000000291f8                __exidx_end = .
                0x00000000000291f8                __etext = .

.rel.dyn        0x00000000000291f8        0x0
 .rel.iplt      0x00000000000291f8        0x0 /usr/bin/../lib/gcc/arm-none-eabi/7.3.1/thumb/v6-m/crtbegin.o

.data           0x0000000020002000       0x88 load address 0x00000000000291f8
                0x0000000020002000                __data_start__ = .
 *(vtable)
 *(.data*)
 .data._impure_ptr
                0x0000000020002000        0x4 /usr/bin/../lib/gcc/arm-none-eabi/7.3.1/../../../../arm-none-eabi/lib/thumb/v6-m/libc_nano.a(lib_a-impure.o)
                0x0000000020002000                _impure_ptr
 .data.impure_data
                0x0000000020002004       0x60 /usr/bin/../lib/gcc/arm-none-eabi/7.3.1/../../../../arm-none-eabi/lib/thumb/v6-m/libc_nano.a(lib_a-impure.o)
 .data.spi_base
                0x0000000020002064        0x8 _build/spi_cntrlr_fast.o
 .data.m_conn_handle
                0x000000002000206c        0x2 _build/main.o
 *fill*         0x000000002000206e        0x2 
 .data.m_adv_uuids
                0x0000000020002070        0x4 _build/main.o
 .data.m_dtc_cap_val_1
                0x0000000020002074        0x2 _build/rfidr_gpio.o
 .data.m_dtc_cap_val_2
                0x0000000020002076        0x2 _build/rfidr_gpio.o
 .data.m_sx1257_lna_gain_state
                0x0000000020002078        0x1 _build/rfidr_gpio.o
 .data.m_sx1257_bba_gain_state
                0x0000000020002079        0x1 _build/rfidr_gpio.o
 .data.m_sx1257_frequency_slot
                0x000000002000207a        0x1 _build/rfidr_sx1257.o
 *fill*         0x000000002000207b        0x1 
 .data.current_slave_link_conn_handle.7302
                0x000000002000207c        0x2 _build/ble_advertising.o
                0x0000000020002080                . = ALIGN (0x4)
 *fill*         0x000000002000207e        0x2 
                0x0000000020002080                PROVIDE (__preinit_array_start = .)
 *(.preinit_array)
                0x0000000020002080                PROVIDE (__preinit_array_end = .)
                0x0000000020002080                . = ALIGN (0x4)
                0x0000000020002080                PROVIDE (__init_array_start = .)
 *(SORT_BY_NAME(.init_array.*))
 *(.init_array)
 .init_array    0x0000000020002080        0x4 /usr/bin/../lib/gcc/arm-none-eabi/7.3.1/thumb/v6-m/crtbegin.o
                0x0000000020002084                PROVIDE (__init_array_end = .)
                0x0000000020002084                . = ALIGN (0x4)
                [!provide]                        PROVIDE (__fini_array_start = .)
 *(SORT_BY_NAME(.fini_array.*))
 *(.fini_array)
 .fini_array    0x0000000020002084        0x4 /usr/bin/../lib/gcc/arm-none-eabi/7.3.1/thumb/v6-m/crtbegin.o
                [!provide]                        PROVIDE (__fini_array_end = .)
 *(.jcr)
                0x0000000020002088                . = ALIGN (0x4)
                0x0000000020002088                __data_end__ = .

.igot.plt       0x0000000020002088        0x0 load address 0x0000000000029280
 .igot.plt      0x0000000020002088        0x0 /usr/bin/../lib/gcc/arm-none-eabi/7.3.1/thumb/v6-m/crtbegin.o

.bss            0x0000000020002088      0x614 load address 0x0000000000029280
                0x0000000020002088                . = ALIGN (0x4)
                0x0000000020002088                __bss_start__ = .
 *(.bss*)
 .bss           0x0000000020002088       0x1c /usr/bin/../lib/gcc/arm-none-eabi/7.3.1/thumb/v6-m/crtbegin.o
 .bss.m_user_array_size
                0x00000000200020a4        0x1 _build/app_timer.o
 *fill*         0x00000000200020a5        0x3 
 .bss.mp_users  0x00000000200020a8        0x4 _build/app_timer.o
 .bss.mp_timer_id_head
                0x00000000200020ac        0x4 _build/app_timer.o
 .bss.m_ticks_latest
                0x00000000200020b0        0x4 _build/app_timer.o
 .bss.m_ticks_elapsed
                0x00000000200020b4        0x8 _build/app_timer.o
 .bss.m_ticks_elapsed_q_read_ind
                0x00000000200020bc        0x1 _build/app_timer.o
 .bss.m_ticks_elapsed_q_write_ind
                0x00000000200020bd        0x1 _build/app_timer.o
 *fill*         0x00000000200020be        0x2 
 .bss.m_evt_schedule_func
                0x00000000200020c0        0x4 _build/app_timer.o
 .bss.m_rtc1_running
                0x00000000200020c4        0x1 _build/app_timer.o
 .bss.m_rtc1_reset
                0x00000000200020c5        0x1 _build/app_timer.o
 *fill*         0x00000000200020c6        0x2 
 .bss.m_cb      0x00000000200020c8       0x48 _build/nrf_drv_gpiote.o
 .bss.m_cmd_queue
                0x0000000020002110       0xcc _build/pstorage.o
 .bss.m_flags   0x00000000200021dc        0x4 _build/pstorage.o
 .bss.spi_config_table
                0x00000000200021e0        0xc _build/spi_cntrlr_fast.o
 .bss.SPI       0x00000000200021ec        0x4 _build/spi_cntrlr_fast.o
 .bss.m_rfidrs  0x00000000200021f0       0x64 _build/main.o
 .bss.received_write_state_event
                0x0000000020002254        0x1 _build/main.o
 *fill*         0x0000000020002255        0x3 
 .bss.BLE_EVT_BUFFER.9387
                0x0000000020002258       0x48 _build/main.o
 .bss.APP_TIMER_BUF.9410
                0x00000000200022a0      0x1c8 _build/main.o
 .bss.m_num_failed_attempts
                0x0000000020002468        0x4 _build/rfidr_error.o
 .bss.m_failed_attempt_flag
                0x000000002000246c        0x1 _build/rfidr_error.o
 *fill*         0x000000002000246d        0x3 
 .bss.mp_rfidrs
                0x0000000020002470        0x4 _build/rfidr_gpio.o
 .bss.data_id.7276
                0x0000000020002474        0x1 _build/rfidr_rxradio.o
 *fill*         0x0000000020002475        0x3 
 .bss.m_tx_data_spi
                0x0000000020002478        0x4 _build/rfidr_spi.o
 .bss.m_rx_data_spi
                0x000000002000247c        0x4 _build/rfidr_spi.o
 .bss.m_rfidr_state
                0x0000000020002480        0x1 _build/rfidr_state.o
 .bss.m_rfidr_state_next
                0x0000000020002481        0x1 _build/rfidr_state.o
 .bss.m_received_irq_flag
                0x0000000020002482        0x1 _build/rfidr_state.o
 .bss.m_received_hvc_read_state_flag
                0x0000000020002483        0x1 _build/rfidr_state.o
 .bss.m_received_hvc_pckt_data1_flag
                0x0000000020002484        0x1 _build/rfidr_state.o
 .bss.m_dtc_state_flag
                0x0000000020002485        0x1 _build/rfidr_state.o
 .bss.m_track_tag_state_flag
                0x0000000020002486        0x1 _build/rfidr_state.o
 .bss.m_adc_returned_flag
                0x0000000020002487        0x1 _build/rfidr_state.o
 .bss.m_num_inv_tags_found
                0x0000000020002488        0x2 _build/rfidr_state.o
 .bss.m_return_state_code
                0x000000002000248a        0x1 _build/rfidr_state.o
 .bss.m_hopskip_nonce
                0x000000002000248b        0x1 _build/rfidr_state.o
 .bss.m_last_adc_sample
                0x000000002000248c        0x2 _build/rfidr_state.o
 *fill*         0x000000002000248e        0x2 
 .bss.m_select_raw
                0x0000000020002490        0x5 _build/rfidr_txradio.o
 *fill*         0x0000000020002495        0x3 
 .bss.m_query_raw
                0x0000000020002498        0x8 _build/rfidr_txradio.o
 .bss.m_query_rep_session
                0x00000000200024a0        0x1 _build/rfidr_txradio.o
 *fill*         0x00000000200024a1        0x3 
 .bss.m_app_specd_target_epc
                0x00000000200024a4        0xc _build/rfidr_txradio.o
 .bss.m_app_specd_program_epc
                0x00000000200024b0        0xc _build/rfidr_txradio.o
 .bss.m_last_inv_epc
                0x00000000200024bc        0xc _build/rfidr_txradio.o
 .bss.m_zero_epc
                0x00000000200024c8        0xc _build/rfidr_txradio.o
 .bss.m_dummytag_epc
                0x00000000200024d4        0xc _build/rfidr_txradio.o
 .bss.m_fmw_specd_target_epc
                0x00000000200024e0        0xc _build/rfidr_txradio.o
 .bss.m_kill_passwd
                0x00000000200024ec        0x4 _build/rfidr_txradio.o
 .bss.m_length_app_specd_target_epc
                0x00000000200024f0        0x1 _build/rfidr_txradio.o
 .bss.m_length_fmw_specd_target_epc
                0x00000000200024f1        0x1 _build/rfidr_txradio.o
 .bss.m_advertising_start_pending
                0x00000000200024f2        0x1 _build/ble_advertising.o
 *fill*         0x00000000200024f3        0x1 
 .bss.m_peer_address
                0x00000000200024f4        0x7 _build/ble_advertising.o
 *fill*         0x00000000200024fb        0x1 
 .bss.m_advdata
                0x00000000200024fc       0x38 _build/ble_advertising.o
 .bss.m_adv_evt
                0x0000000020002534        0x1 _build/ble_advertising.o
 *fill*         0x0000000020002535        0x3 
 .bss.m_evt_handler
                0x0000000020002538        0x4 _build/ble_advertising.o
 .bss.m_error_handler
                0x000000002000253c        0x4 _build/ble_advertising.o
 .bss.m_adv_mode_current
                0x0000000020002540        0x1 _build/ble_advertising.o
 *fill*         0x0000000020002541        0x3 
 .bss.m_adv_modes_config
                0x0000000020002544       0x24 _build/ble_advertising.o
 .bss.m_whitelist
                0x0000000020002568       0x10 _build/ble_advertising.o
 .bss.mp_whitelist_addr
                0x0000000020002578       0x20 _build/ble_advertising.o
 .bss.mp_whitelist_irk
                0x0000000020002598       0x20 _build/ble_advertising.o
 .bss.m_whitelist_temporarily_disabled
                0x00000000200025b8        0x1 _build/ble_advertising.o
 .bss.m_whitelist_reply_expected
                0x00000000200025b9        0x1 _build/ble_advertising.o
 .bss.m_peer_addr_reply_expected
                0x00000000200025ba        0x1 _build/ble_advertising.o
 *fill*         0x00000000200025bb        0x1 
 .bss.m_manuf_specific_data
                0x00000000200025bc        0xc _build/ble_advertising.o
 .bss.m_manuf_data_array
                0x00000000200025c8       0x1f _build/ble_advertising.o
 *fill*         0x00000000200025e7        0x1 
 .bss.m_service_data
                0x00000000200025e8        0xc _build/ble_advertising.o
 .bss.m_service_data_array
                0x00000000200025f4       0x1f _build/ble_advertising.o
 *fill*         0x0000000020002613        0x1 
 .bss.m_slave_conn_int
                0x0000000020002614        0x4 _build/ble_advertising.o
 .bss.m_tx_power_level
                0x0000000020002618        0x1 _build/ble_advertising.o
 *fill*         0x0000000020002619        0x3 
 .bss.m_conn_params_config
                0x000000002000261c       0x1c _build/ble_conn_params.o
 .bss.m_preferred_conn_params
                0x0000000020002638        0x8 _build/ble_conn_params.o
 .bss.m_update_count
                0x0000000020002640        0x1 _build/ble_conn_params.o
 *fill*         0x0000000020002641        0x1 
 .bss.m_conn_handle
                0x0000000020002642        0x2 _build/ble_conn_params.o
 .bss.m_current_conn_params
                0x0000000020002644        0x8 _build/ble_conn_params.o
 .bss.m_conn_params_timer_id_data
                0x000000002000264c       0x20 _build/ble_conn_params.o
 .bss.m_change_param
                0x000000002000266c        0x1 _build/ble_conn_params.o
 *fill*         0x000000002000266d        0x3 
 .bss.m_evt_schedule_func
                0x0000000020002670        0x4 _build/softdevice_handler.o
 .bss.m_softdevice_enabled
                0x0000000020002674        0x1 _build/softdevice_handler.o
 *fill*         0x0000000020002675        0x3 
 .bss.mp_ble_evt_buffer
                0x0000000020002678        0x4 _build/softdevice_handler.o
 .bss.m_ble_evt_buffer_size
                0x000000002000267c        0x2 _build/softdevice_handler.o
 *fill*         0x000000002000267e        0x2 
 .bss.m_ble_evt_handler
                0x0000000020002680        0x4 _build/softdevice_handler.o
 .bss.m_sys_evt_handler
                0x0000000020002684        0x4 _build/softdevice_handler.o
 .bss.__malloc_free_list
                0x0000000020002688        0x4 /usr/bin/../lib/gcc/arm-none-eabi/7.3.1/../../../../arm-none-eabi/lib/thumb/v6-m/libc_nano.a(lib_a-nano-mallocr.o)
                0x0000000020002688                __malloc_free_list
 .bss.__malloc_sbrk_start
                0x000000002000268c        0x4 /usr/bin/../lib/gcc/arm-none-eabi/7.3.1/../../../../arm-none-eabi/lib/thumb/v6-m/libc_nano.a(lib_a-nano-mallocr.o)
                0x000000002000268c                __malloc_sbrk_start
 .bss.heap_end.4102
                0x0000000020002690        0x4 /usr/bin/../lib/gcc/arm-none-eabi/7.3.1/../../../../arm-none-eabi/lib/thumb/v6-m/libnosys.a(sbrk.o)
 *(COMMON)
 COMMON         0x0000000020002694        0x4 _build/main.o
                0x0000000020002694                adc_sample
 COMMON         0x0000000020002698        0x4 /usr/bin/../lib/gcc/arm-none-eabi/7.3.1/../../../../arm-none-eabi/lib/thumb/v6-m/libc_nano.a(lib_a-reent.o)
                0x0000000020002698                errno
                0x000000002000269c                . = ALIGN (0x4)
                0x000000002000269c                __bss_end__ = .

.heap           0x00000000200026a0      0x800
                0x00000000200026a0                __end__ = .
                0x00000000200026a0                end = __end__
 *(.heap*)
 .heap          0x00000000200026a0      0x800 _build/gcc_startup_nrf51.o
                0x00000000200026a0                __HeapBase
                0x0000000020002ea0                __HeapLimit = .

.stack_dummy    0x00000000200026a0      0x800
 *(.stack*)
 .stack         0x00000000200026a0      0x800 _build/gcc_startup_nrf51.o
                0x0000000020004000                __StackTop = (ORIGIN (RAM) + LENGTH (RAM))
                0x0000000020003800                __StackLimit = (__StackTop - SIZEOF (.stack_dummy))
                0x0000000020004000                PROVIDE (__stack = __StackTop)
                0x0000000000000001                ASSERT ((__StackLimit >= __HeapLimit), region RAM overflowed with stack)
OUTPUT(_build/nrf51822_xxaa_s110.out elf32-littlearm)

.ARM.attributes
                0x0000000000000000       0x28
 .ARM.attributes
                0x0000000000000000       0x1e /usr/bin/../lib/gcc/arm-none-eabi/7.3.1/thumb/v6-m/crti.o
 .ARM.attributes
                0x000000000000001e       0x2c /usr/bin/../lib/gcc/arm-none-eabi/7.3.1/thumb/v6-m/crtbegin.o
 .ARM.attributes
                0x000000000000004a       0x1b /usr/bin/../lib/gcc/arm-none-eabi/7.3.1/../../../../arm-none-eabi/lib/thumb/v6-m/crt0.o
 .ARM.attributes
                0x0000000000000065       0x2c /usr/bin/../lib/gcc/arm-none-eabi/7.3.1/../../../../arm-none-eabi/lib/thumb/v6-m/libc_nano.a(lib_a-exit.o)
 .ARM.attributes
                0x0000000000000091       0x2c /usr/bin/../lib/gcc/arm-none-eabi/7.3.1/../../../../arm-none-eabi/lib/thumb/v6-m/libc_nano.a(lib_a-impure.o)
 .ARM.attributes
                0x00000000000000bd       0x2c /usr/bin/../lib/gcc/arm-none-eabi/7.3.1/../../../../arm-none-eabi/lib/thumb/v6-m/libc_nano.a(lib_a-init.o)
 .ARM.attributes
                0x00000000000000e9       0x2c /usr/bin/../lib/gcc/arm-none-eabi/7.3.1/../../../../arm-none-eabi/lib/thumb/v6-m/libc_nano.a(lib_a-memset.o)
 .ARM.attributes
                0x0000000000000115       0x2c /usr/bin/../lib/gcc/arm-none-eabi/7.3.1/../../../../arm-none-eabi/lib/thumb/v6-m/libnosys.a(_exit.o)
 .ARM.attributes
                0x0000000000000141       0x31 _build/app_timer.o
 .ARM.attributes
                0x0000000000000172       0x31 _build/nrf_delay.o
 .ARM.attributes
                0x00000000000001a3       0x31 _build/nrf_drv_common.o
 .ARM.attributes
                0x00000000000001d4       0x31 _build/nrf_drv_gpiote.o
 .ARM.attributes
                0x0000000000000205       0x31 _build/pstorage.o
 .ARM.attributes
                0x0000000000000236       0x31 _build/spi_cntrlr_fast.o
 .ARM.attributes
                0x0000000000000267       0x31 _build/main.o
 .ARM.attributes
                0x0000000000000298       0x31 _build/ble_rfidrs.o
 .ARM.attributes
                0x00000000000002c9       0x31 _build/rfidr_error.o
 .ARM.attributes
                0x00000000000002fa       0x31 _build/rfidr_gpio.o
 .ARM.attributes
                0x000000000000032b       0x31 _build/rfidr_rxradio.o
 .ARM.attributes
                0x000000000000035c       0x31 _build/rfidr_spi.o
 .ARM.attributes
                0x000000000000038d       0x31 _build/rfidr_state.o
 .ARM.attributes
                0x00000000000003be       0x31 _build/rfidr_sx1257.o
 .ARM.attributes
                0x00000000000003ef       0x31 _build/rfidr_txradio.o
 .ARM.attributes
                0x0000000000000420       0x31 _build/rfidr_user.o
 .ARM.attributes
                0x0000000000000451       0x31 _build/rfidr_waveform.o
 .ARM.attributes
                0x0000000000000482       0x31 _build/ble_advdata.o
 .ARM.attributes
                0x00000000000004b3       0x31 _build/ble_advertising.o
 .ARM.attributes
                0x00000000000004e4       0x31 _build/ble_conn_params.o
 .ARM.attributes
                0x0000000000000515       0x31 _build/system_nrf51.o
 .ARM.attributes
                0x0000000000000546       0x31 _build/nrf_adc.o
 .ARM.attributes
                0x0000000000000577       0x31 _build/softdevice_handler.o
 .ARM.attributes
                0x00000000000005a8       0x1b _build/gcc_startup_nrf51.o
 .ARM.attributes
                0x00000000000005c3       0x2c /usr/bin/../lib/gcc/arm-none-eabi/7.3.1/../../../../arm-none-eabi/lib/thumb/v6-m/libc_nano.a(lib_a-memcmp.o)
 .ARM.attributes
                0x00000000000005ef       0x2c /usr/bin/../lib/gcc/arm-none-eabi/7.3.1/../../../../arm-none-eabi/lib/thumb/v6-m/libc_nano.a(lib_a-memcpy-stub.o)
 .ARM.attributes
                0x000000000000061b       0x2c /usr/bin/../lib/gcc/arm-none-eabi/7.3.1/../../../../arm-none-eabi/lib/thumb/v6-m/libc_nano.a(lib_a-sprintf.o)
 .ARM.attributes
                0x0000000000000647       0x1c /usr/bin/../lib/gcc/arm-none-eabi/7.3.1/../../../../arm-none-eabi/lib/thumb/v6-m/libc_nano.a(lib_a-strlen.o)
 .ARM.attributes
                0x0000000000000663       0x2c /usr/bin/../lib/gcc/arm-none-eabi/7.3.1/../../../../arm-none-eabi/lib/thumb/v6-m/libc_nano.a(lib_a-strncpy.o)
 .ARM.attributes
                0x000000000000068f       0x2c /usr/bin/../lib/gcc/arm-none-eabi/7.3.1/../../../../arm-none-eabi/lib/thumb/v6-m/libc_nano.a(lib_a-nano-svfprintf.o)
 .ARM.attributes
                0x00000000000006bb       0x2c /usr/bin/../lib/gcc/arm-none-eabi/7.3.1/../../../../arm-none-eabi/lib/thumb/v6-m/libc_nano.a(lib_a-nano-vfprintf_i.o)
 .ARM.attributes
                0x00000000000006e7       0x2c /usr/bin/../lib/gcc/arm-none-eabi/7.3.1/../../../../arm-none-eabi/lib/thumb/v6-m/libc_nano.a(lib_a-memchr-stub.o)
 .ARM.attributes
                0x0000000000000713       0x2c /usr/bin/../lib/gcc/arm-none-eabi/7.3.1/../../../../arm-none-eabi/lib/thumb/v6-m/libc_nano.a(lib_a-memmove.o)
 .ARM.attributes
                0x000000000000073f       0x2c /usr/bin/../lib/gcc/arm-none-eabi/7.3.1/../../../../arm-none-eabi/lib/thumb/v6-m/libc_nano.a(lib_a-nano-freer.o)
 .ARM.attributes
                0x000000000000076b       0x2c /usr/bin/../lib/gcc/arm-none-eabi/7.3.1/../../../../arm-none-eabi/lib/thumb/v6-m/libc_nano.a(lib_a-nano-mallocr.o)
 .ARM.attributes
                0x0000000000000797       0x2c /usr/bin/../lib/gcc/arm-none-eabi/7.3.1/../../../../arm-none-eabi/lib/thumb/v6-m/libc_nano.a(lib_a-nano-reallocr.o)
 .ARM.attributes
                0x00000000000007c3       0x2c /usr/bin/../lib/gcc/arm-none-eabi/7.3.1/../../../../arm-none-eabi/lib/thumb/v6-m/libc_nano.a(lib_a-sbrkr.o)
 .ARM.attributes
                0x00000000000007ef       0x2c /usr/bin/../lib/gcc/arm-none-eabi/7.3.1/../../../../arm-none-eabi/lib/thumb/v6-m/libc_nano.a(lib_a-mlock.o)
 .ARM.attributes
                0x000000000000081b       0x2c /usr/bin/../lib/gcc/arm-none-eabi/7.3.1/../../../../arm-none-eabi/lib/thumb/v6-m/libc_nano.a(lib_a-nano-msizer.o)
 .ARM.attributes
                0x0000000000000847       0x2c /usr/bin/../lib/gcc/arm-none-eabi/7.3.1/../../../../arm-none-eabi/lib/thumb/v6-m/libc_nano.a(lib_a-reent.o)
 .ARM.attributes
                0x0000000000000873       0x2c /usr/bin/../lib/gcc/arm-none-eabi/7.3.1/../../../../arm-none-eabi/lib/thumb/v6-m/libnosys.a(sbrk.o)
 .ARM.attributes
                0x000000000000089f       0x1e /usr/bin/../lib/gcc/arm-none-eabi/7.3.1/thumb/v6-m/libgcc.a(_udivsi3.o)
 .ARM.attributes
                0x00000000000008bd       0x1e /usr/bin/../lib/gcc/arm-none-eabi/7.3.1/thumb/v6-m/libgcc.a(_divsi3.o)
 .ARM.attributes
                0x00000000000008db       0x1e /usr/bin/../lib/gcc/arm-none-eabi/7.3.1/thumb/v6-m/libgcc.a(_dvmd_tls.o)
 .ARM.attributes
                0x00000000000008f9       0x1e /usr/bin/../lib/gcc/arm-none-eabi/7.3.1/thumb/v6-m/crtn.o

.comment        0x0000000000000000       0x7f
 .comment       0x0000000000000000       0x7f _build/app_timer.o
                                         0x80 (size before relaxing)
 .comment       0x000000000000007f       0x80 _build/nrf_delay.o
 .comment       0x000000000000007f       0x80 _build/nrf_drv_common.o
 .comment       0x000000000000007f       0x80 _build/nrf_drv_gpiote.o
 .comment       0x000000000000007f       0x80 _build/pstorage.o
 .comment       0x000000000000007f       0x80 _build/spi_cntrlr_fast.o
 .comment       0x000000000000007f       0x80 _build/main.o
 .comment       0x000000000000007f       0x80 _build/ble_rfidrs.o
 .comment       0x000000000000007f       0x80 _build/rfidr_error.o
 .comment       0x000000000000007f       0x80 _build/rfidr_gpio.o
 .comment       0x000000000000007f       0x80 _build/rfidr_rxradio.o
 .comment       0x000000000000007f       0x80 _build/rfidr_spi.o
 .comment       0x000000000000007f       0x80 _build/rfidr_state.o
 .comment       0x000000000000007f       0x80 _build/rfidr_sx1257.o
 .comment       0x000000000000007f       0x80 _build/rfidr_txradio.o
 .comment       0x000000000000007f       0x80 _build/rfidr_user.o
 .comment       0x000000000000007f       0x80 _build/rfidr_waveform.o
 .comment       0x000000000000007f       0x80 _build/ble_advdata.o
 .comment       0x000000000000007f       0x80 _build/ble_advertising.o
 .comment       0x000000000000007f       0x80 _build/ble_conn_params.o
 .comment       0x000000000000007f       0x80 _build/system_nrf51.o
 .comment       0x000000000000007f       0x80 _build/nrf_adc.o
 .comment       0x000000000000007f       0x80 _build/softdevice_handler.o

.debug_frame    0x0000000000000000     0xa79c
 .debug_frame   0x0000000000000000       0x28 /usr/bin/../lib/gcc/arm-none-eabi/7.3.1/../../../../arm-none-eabi/lib/thumb/v6-m/libc_nano.a(lib_a-exit.o)
 .debug_frame   0x0000000000000028       0x2c /usr/bin/../lib/gcc/arm-none-eabi/7.3.1/../../../../arm-none-eabi/lib/thumb/v6-m/libc_nano.a(lib_a-init.o)
 .debug_frame   0x0000000000000054       0x20 /usr/bin/../lib/gcc/arm-none-eabi/7.3.1/../../../../arm-none-eabi/lib/thumb/v6-m/libc_nano.a(lib_a-memset.o)
 .debug_frame   0x0000000000000074       0x20 /usr/bin/../lib/gcc/arm-none-eabi/7.3.1/../../../../arm-none-eabi/lib/thumb/v6-m/libnosys.a(_exit.o)
 .debug_frame   0x0000000000000094      0x84c _build/app_timer.o
 .debug_frame   0x00000000000008e0       0x30 _build/nrf_delay.o
 .debug_frame   0x0000000000000910      0x3c0 _build/nrf_drv_common.o
 .debug_frame   0x0000000000000cd0      0xb04 _build/nrf_drv_gpiote.o
 .debug_frame   0x00000000000017d4      0xa48 _build/pstorage.o
 .debug_frame   0x000000000000221c       0xf0 _build/spi_cntrlr_fast.o
 .debug_frame   0x000000000000230c      0xabc _build/main.o
 .debug_frame   0x0000000000002dc8      0x6f8 _build/ble_rfidrs.o
 .debug_frame   0x00000000000034c0      0x724 _build/rfidr_error.o
 .debug_frame   0x0000000000003be4      0xa50 _build/rfidr_gpio.o
 .debug_frame   0x0000000000004634      0x7cc _build/rfidr_rxradio.o
 .debug_frame   0x0000000000004e00      0x7ec _build/rfidr_spi.o
 .debug_frame   0x00000000000055ec      0xa00 _build/rfidr_state.o
 .debug_frame   0x0000000000005fec      0x8b8 _build/rfidr_sx1257.o
 .debug_frame   0x00000000000068a4      0xbb8 _build/rfidr_txradio.o
 .debug_frame   0x000000000000745c      0xac0 _build/rfidr_user.o
 .debug_frame   0x0000000000007f1c      0x748 _build/rfidr_waveform.o
 .debug_frame   0x0000000000008664      0x630 _build/ble_advdata.o
 .debug_frame   0x0000000000008c94      0x83c _build/ble_advertising.o
 .debug_frame   0x00000000000094d0      0x570 _build/ble_conn_params.o
 .debug_frame   0x0000000000009a40       0x80 _build/system_nrf51.o
 .debug_frame   0x0000000000009ac0       0xfc _build/nrf_adc.o
 .debug_frame   0x0000000000009bbc      0x85c _build/softdevice_handler.o
 .debug_frame   0x000000000000a418       0x2c /usr/bin/../lib/gcc/arm-none-eabi/7.3.1/../../../../arm-none-eabi/lib/thumb/v6-m/libc_nano.a(lib_a-memcmp.o)
 .debug_frame   0x000000000000a444       0x28 /usr/bin/../lib/gcc/arm-none-eabi/7.3.1/../../../../arm-none-eabi/lib/thumb/v6-m/libc_nano.a(lib_a-memcpy-stub.o)
 .debug_frame   0x000000000000a46c       0x48 /usr/bin/../lib/gcc/arm-none-eabi/7.3.1/../../../../arm-none-eabi/lib/thumb/v6-m/libc_nano.a(lib_a-sprintf.o)
 .debug_frame   0x000000000000a4b4       0x2c /usr/bin/../lib/gcc/arm-none-eabi/7.3.1/../../../../arm-none-eabi/lib/thumb/v6-m/libc_nano.a(lib_a-strncpy.o)
 .debug_frame   0x000000000000a4e0       0x74 /usr/bin/../lib/gcc/arm-none-eabi/7.3.1/../../../../arm-none-eabi/lib/thumb/v6-m/libc_nano.a(lib_a-nano-svfprintf.o)
 .debug_frame   0x000000000000a554       0x54 /usr/bin/../lib/gcc/arm-none-eabi/7.3.1/../../../../arm-none-eabi/lib/thumb/v6-m/libc_nano.a(lib_a-nano-vfprintf_i.o)
 .debug_frame   0x000000000000a5a8       0x20 /usr/bin/../lib/gcc/arm-none-eabi/7.3.1/../../../../arm-none-eabi/lib/thumb/v6-m/libc_nano.a(lib_a-memchr-stub.o)
 .debug_frame   0x000000000000a5c8       0x28 /usr/bin/../lib/gcc/arm-none-eabi/7.3.1/../../../../arm-none-eabi/lib/thumb/v6-m/libc_nano.a(lib_a-memmove.o)
 .debug_frame   0x000000000000a5f0       0x2c /usr/bin/../lib/gcc/arm-none-eabi/7.3.1/../../../../arm-none-eabi/lib/thumb/v6-m/libc_nano.a(lib_a-nano-freer.o)
 .debug_frame   0x000000000000a61c       0x2c /usr/bin/../lib/gcc/arm-none-eabi/7.3.1/../../../../arm-none-eabi/lib/thumb/v6-m/libc_nano.a(lib_a-nano-mallocr.o)
 .debug_frame   0x000000000000a648       0x30 /usr/bin/../lib/gcc/arm-none-eabi/7.3.1/../../../../arm-none-eabi/lib/thumb/v6-m/libc_nano.a(lib_a-nano-reallocr.o)
 .debug_frame   0x000000000000a678       0x2c /usr/bin/../lib/gcc/arm-none-eabi/7.3.1/../../../../arm-none-eabi/lib/thumb/v6-m/libc_nano.a(lib_a-sbrkr.o)
 .debug_frame   0x000000000000a6a4       0x30 /usr/bin/../lib/gcc/arm-none-eabi/7.3.1/../../../../arm-none-eabi/lib/thumb/v6-m/libc_nano.a(lib_a-mlock.o)
 .debug_frame   0x000000000000a6d4       0x20 /usr/bin/../lib/gcc/arm-none-eabi/7.3.1/../../../../arm-none-eabi/lib/thumb/v6-m/libc_nano.a(lib_a-nano-msizer.o)
 .debug_frame   0x000000000000a6f4       0x48 /usr/bin/../lib/gcc/arm-none-eabi/7.3.1/../../../../arm-none-eabi/lib/thumb/v6-m/libc_nano.a(lib_a-reent.o)
 .debug_frame   0x000000000000a73c       0x20 /usr/bin/../lib/gcc/arm-none-eabi/7.3.1/../../../../arm-none-eabi/lib/thumb/v6-m/libnosys.a(sbrk.o)
 .debug_frame   0x000000000000a75c       0x20 /usr/bin/../lib/gcc/arm-none-eabi/7.3.1/thumb/v6-m/libgcc.a(_udivsi3.o)
 .debug_frame   0x000000000000a77c       0x20 /usr/bin/../lib/gcc/arm-none-eabi/7.3.1/thumb/v6-m/libgcc.a(_divsi3.o)

.debug_info     0x0000000000000000    0x42a2e
 .debug_info    0x0000000000000000     0x280c _build/app_timer.o
 .debug_info    0x000000000000280c      0x924 _build/nrf_delay.o
 .debug_info    0x0000000000003130      0xff9 _build/nrf_drv_common.o
 .debug_info    0x0000000000004129     0x20cf _build/nrf_drv_gpiote.o
 .debug_info    0x00000000000061f8     0x2689 _build/pstorage.o
 .debug_info    0x0000000000008881      0xf70 _build/spi_cntrlr_fast.o
 .debug_info    0x00000000000097f1     0x5561 _build/main.o
 .debug_info    0x000000000000ed52     0x3ef2 _build/ble_rfidrs.o
 .debug_info    0x0000000000012c44     0x359b _build/rfidr_error.o
 .debug_info    0x00000000000161df     0x41b3 _build/rfidr_gpio.o
 .debug_info    0x000000000001a392     0x3a6f _build/rfidr_rxradio.o
 .debug_info    0x000000000001de01     0x2f5a _build/rfidr_spi.o
 .debug_info    0x0000000000020d5b     0x46e0 _build/rfidr_state.o
 .debug_info    0x000000000002543b     0x372c _build/rfidr_sx1257.o
 .debug_info    0x0000000000028b67     0x4566 _build/rfidr_txradio.o
 .debug_info    0x000000000002d0cd     0x30c5 _build/rfidr_user.o
 .debug_info    0x0000000000030192     0x2e68 _build/rfidr_waveform.o
 .debug_info    0x0000000000032ffa     0x3012 _build/ble_advdata.o
 .debug_info    0x000000000003600c     0x4875 _build/ble_advertising.o
 .debug_info    0x000000000003a881     0x382d _build/ble_conn_params.o
 .debug_info    0x000000000003e0ae      0x1b6 _build/system_nrf51.o
 .debug_info    0x000000000003e264      0x435 _build/nrf_adc.o
 .debug_info    0x000000000003e699     0x4395 _build/softdevice_handler.o

.debug_abbrev   0x0000000000000000     0x4901
 .debug_abbrev  0x0000000000000000      0x477 _build/app_timer.o
 .debug_abbrev  0x0000000000000477      0x215 _build/nrf_delay.o
 .debug_abbrev  0x000000000000068c      0x1d6 _build/nrf_drv_common.o
 .debug_abbrev  0x0000000000000862      0x36b _build/nrf_drv_gpiote.o
 .debug_abbrev  0x0000000000000bcd      0x381 _build/pstorage.o
 .debug_abbrev  0x0000000000000f4e      0x29a _build/spi_cntrlr_fast.o
 .debug_abbrev  0x00000000000011e8      0x442 _build/main.o
 .debug_abbrev  0x000000000000162a      0x3b1 _build/ble_rfidrs.o
 .debug_abbrev  0x00000000000019db      0x2ed _build/rfidr_error.o
 .debug_abbrev  0x0000000000001cc8      0x43f _build/rfidr_gpio.o
 .debug_abbrev  0x0000000000002107      0x33f _build/rfidr_rxradio.o
 .debug_abbrev  0x0000000000002446      0x2b2 _build/rfidr_spi.o
 .debug_abbrev  0x00000000000026f8      0x44a _build/rfidr_state.o
 .debug_abbrev  0x0000000000002b42      0x3a9 _build/rfidr_sx1257.o
 .debug_abbrev  0x0000000000002eeb      0x37e _build/rfidr_txradio.o
 .debug_abbrev  0x0000000000003269      0x2a7 _build/rfidr_user.o
 .debug_abbrev  0x0000000000003510      0x28e _build/rfidr_waveform.o
 .debug_abbrev  0x000000000000379e      0x331 _build/ble_advdata.o
 .debug_abbrev  0x0000000000003acf      0x3be _build/ble_advertising.o
 .debug_abbrev  0x0000000000003e8d      0x3cd _build/ble_conn_params.o
 .debug_abbrev  0x000000000000425a      0x101 _build/system_nrf51.o
 .debug_abbrev  0x000000000000435b      0x1c9 _build/nrf_adc.o
 .debug_abbrev  0x0000000000004524      0x3dd _build/softdevice_handler.o

.debug_aranges  0x0000000000000000     0x45a0
 .debug_aranges
                0x0000000000000000      0x2f8 _build/app_timer.o
 .debug_aranges
                0x00000000000002f8       0x20 _build/nrf_delay.o
 .debug_aranges
                0x0000000000000318      0x1d0 _build/nrf_drv_common.o
 .debug_aranges
                0x00000000000004e8      0x3a0 _build/nrf_drv_gpiote.o
 .debug_aranges
                0x0000000000000888      0x380 _build/pstorage.o
 .debug_aranges
                0x0000000000000c08       0x50 _build/spi_cntrlr_fast.o
 .debug_aranges
                0x0000000000000c58      0x490 _build/main.o
 .debug_aranges
                0x00000000000010e8      0x2b8 _build/ble_rfidrs.o
 .debug_aranges
                0x00000000000013a0      0x398 _build/rfidr_error.o
 .debug_aranges
                0x0000000000001738      0x470 _build/rfidr_gpio.o
 .debug_aranges
                0x0000000000001ba8      0x3c0 _build/rfidr_rxradio.o
 .debug_aranges
                0x0000000000001f68      0x3c8 _build/rfidr_spi.o
 .debug_aranges
                0x0000000000002330      0x448 _build/rfidr_state.o
 .debug_aranges
                0x0000000000002778      0x3f8 _build/rfidr_sx1257.o
 .debug_aranges
                0x0000000000002b70      0x4b8 _build/rfidr_txradio.o
 .debug_aranges
                0x0000000000003028      0x480 _build/rfidr_user.o
 .debug_aranges
                0x00000000000034a8      0x3a0 _build/rfidr_waveform.o
 .debug_aranges
                0x0000000000003848      0x290 _build/ble_advdata.o
 .debug_aranges
                0x0000000000003ad8      0x3e0 _build/ble_advertising.o
 .debug_aranges
                0x0000000000003eb8      0x260 _build/ble_conn_params.o
 .debug_aranges
                0x0000000000004118       0x38 _build/system_nrf51.o
 .debug_aranges
                0x0000000000004150       0x58 _build/nrf_adc.o
 .debug_aranges
                0x00000000000041a8      0x3f8 _build/softdevice_handler.o

.debug_ranges   0x0000000000000000     0x4490
 .debug_ranges  0x0000000000000000      0x2e8 _build/app_timer.o
 .debug_ranges  0x00000000000002e8       0x10 _build/nrf_delay.o
 .debug_ranges  0x00000000000002f8      0x1c0 _build/nrf_drv_common.o
 .debug_ranges  0x00000000000004b8      0x390 _build/nrf_drv_gpiote.o
 .debug_ranges  0x0000000000000848      0x388 _build/pstorage.o
 .debug_ranges  0x0000000000000bd0       0x40 _build/spi_cntrlr_fast.o
 .debug_ranges  0x0000000000000c10      0x480 _build/main.o
 .debug_ranges  0x0000000000001090      0x2a8 _build/ble_rfidrs.o
 .debug_ranges  0x0000000000001338      0x388 _build/rfidr_error.o
 .debug_ranges  0x00000000000016c0      0x460 _build/rfidr_gpio.o
 .debug_ranges  0x0000000000001b20      0x3b0 _build/rfidr_rxradio.o
 .debug_ranges  0x0000000000001ed0      0x3b8 _build/rfidr_spi.o
 .debug_ranges  0x0000000000002288      0x438 _build/rfidr_state.o
 .debug_ranges  0x00000000000026c0      0x3e8 _build/rfidr_sx1257.o
 .debug_ranges  0x0000000000002aa8      0x4a8 _build/rfidr_txradio.o
 .debug_ranges  0x0000000000002f50      0x470 _build/rfidr_user.o
 .debug_ranges  0x00000000000033c0      0x390 _build/rfidr_waveform.o
 .debug_ranges  0x0000000000003750      0x280 _build/ble_advdata.o
 .debug_ranges  0x00000000000039d0      0x400 _build/ble_advertising.o
 .debug_ranges  0x0000000000003dd0      0x250 _build/ble_conn_params.o
 .debug_ranges  0x0000000000004020       0x28 _build/system_nrf51.o
 .debug_ranges  0x0000000000004048       0x48 _build/nrf_adc.o
 .debug_ranges  0x0000000000004090      0x400 _build/softdevice_handler.o

.debug_macro    0x0000000000000000     0x5ce0
 .debug_macro   0x0000000000000000      0x31f _build/app_timer.o
 .debug_macro   0x000000000000031f       0x16 _build/app_timer.o
 .debug_macro   0x0000000000000335       0x97 _build/app_timer.o
 .debug_macro   0x00000000000003cc       0xf6 _build/app_timer.o
 .debug_macro   0x00000000000004c2      0x227 _build/nrf_delay.o
 .debug_macro   0x00000000000006e9      0x125 _build/nrf_drv_common.o
 .debug_macro   0x000000000000080e      0x1b2 _build/nrf_drv_gpiote.o
 .debug_macro   0x00000000000009c0       0x70 _build/nrf_drv_gpiote.o
 .debug_macro   0x0000000000000a30       0x10 _build/nrf_drv_gpiote.o
 .debug_macro   0x0000000000000a40       0x1c _build/nrf_drv_gpiote.o
 .debug_macro   0x0000000000000a5c      0x2a4 _build/pstorage.o
 .debug_macro   0x0000000000000d00       0x46 _build/pstorage.o
 .debug_macro   0x0000000000000d46       0x1c _build/pstorage.o
 .debug_macro   0x0000000000000d62       0x3d _build/pstorage.o
 .debug_macro   0x0000000000000d9f      0x1b7 _build/spi_cntrlr_fast.o